<html>
<body>
<pre>
<h1>µVision Build Log</h1>
<h2>Tool Versions:</h2>
IDE-Version: ¦ÌVision V5.36.0.0
Copyright (C) 2021 ARM Ltd and ARM Germany GmbH. All rights reserved.
License Information: 1 1, 2, LIC=SDA0P-MZ2PD-010P1-CJ6BG-L22W7-93LRM
 
Tool Versions:
Toolchain:       MDK-ARM Plus  Version: 5.36.0.0
Toolchain Path:  d:\Keil_v5\ARM\ARMCC\Bin
C Compiler:      Armcc.exe V5.06 update 7 (build 960)
Assembler:       Armasm.exe V5.06 update 7 (build 960)
Linker/Locator:  ArmLink.exe V5.06 update 7 (build 960)
Library Manager: ArmAr.exe V5.06 update 7 (build 960)
Hex Converter:   FromElf.exe V5.06 update 7 (build 960)
CPU DLL:         SARMCM3.DLL V5.36.0.0
Dialog DLL:      DCM.DLL V1.17.3.0
Target DLL:      CMSIS_AGDI.dll V1.33.0.0
Dialog DLL:      TCM.DLL V1.53.0.0
 
<h2>Project:</h2>
E:\learnSrc\2summer_lab\34-´¥ÃþÆÁÊµÑé\Template.uvprojx
Project File Date:  07/07/2025

<h2>Output:</h2>
*** Using Compiler 'V5.06 update 7 (build 960)', folder: 'd:\Keil_v5\ARM\ARMCC\Bin'
Rebuild target 'Target 1'
compiling main.c...
User\main.c(100): warning:  #167-D: argument of type "char *" is incompatible with parameter of type "u8 *"
                        text);
User\main.c(376): warning:  #1-D: last line of file ends without a newline
  }
User\main.c(227): warning:  #177-D: variable "t"  was declared but never referenced
  		u8 t=0;
User\main.c(228): warning:  #177-D: variable "sendmask"  was declared but never referenced
  		u8 sendmask=0;
User\main.c(229): warning:  #177-D: variable "sendcnt"  was declared but never referenced
  		u8 sendcnt=0;
User\main.c(230): warning:  #177-D: variable "sendbuf"  was declared but never referenced
  		u8 sendbuf[20];	  
User\main.c(231): warning:  #177-D: variable "reclen"  was declared but never referenced
  		u8 reclen=0; 
User\main.c: 7 warnings, 0 errors
compiling stm32f10x_tim.c...
compiling stm32f10x_it.c...
compiling stm32f10x_gpio.c...
compiling stm32f10x_iwdg.c...
compiling stm32f10x_usart.c...
compiling stm32f10x_exti.c...
compiling stm32f10x_wwdg.c...
compiling misc.c...
compiling stm32f10x_rcc.c...
assembling startup_stm32f10x_hd.s...
compiling stm32f10x_bkp.c...
compiling stm32f10x_pwr.c...
compiling stm32f10x_adc.c...
compiling stm32f10x_dma.c...
compiling stm32f10x_can.c...
compiling stm32f10x_rtc.c...
compiling stm32f10x_dac.c...
compiling stm32f10x_flash.c...
compiling stm32f10x_spi.c...
compiling system_stm32f10x.c...
compiling stm32f10x_fsmc.c...
compiling touch.c...
compiling led.c...
compiling iic.c...
compiling key.c...
compiling 24cxx.c...
compiling ctiic.c...
compiling tftlcd.c...
APP\tftlcd\tftlcd.c(1116): warning:  #177-D: variable "g"  was declared but never referenced
   	u16 r=0,g=0,b=0;
APP\tftlcd\tftlcd.c(1116): warning:  #177-D: variable "b"  was declared but never referenced
   	u16 r=0,g=0,b=0;
APP\tftlcd\tftlcd.c(1117): warning:  #177-D: variable "r1"  was declared but never referenced
  	u16 r1,r2,r3;
APP\tftlcd\tftlcd.c(1117): warning:  #177-D: variable "r2"  was declared but never referenced
  	u16 r1,r2,r3;
APP\tftlcd\tftlcd.c(1117): warning:  #177-D: variable "r3"  was declared but never referenced
  	u16 r1,r2,r3;
APP\tftlcd\tftlcd.c(1118): warning:  #177-D: variable "value"  was declared but never referenced
  	u32 value;
APP\tftlcd\tftlcd.c(4238): warning:  #550-D: variable "num"  was set but never used
  	long tmp=0,num=0;
APP\tftlcd\tftlcd.c: 7 warnings, 0 errors
compiling beep.c...
compiling gt5663.c...
compiling core_cm3.c...
compiling cst716.c...
compiling dht11.c...
compiling hc05.c...
compiling lsens.c...
compiling time.c...
compiling usart3.c...
compiling SysTick.c...
compiling system.c...
compiling usart.c...
linking...
Program Size: Code=20432 RO-data=19176 RW-data=128 ZI-data=2456  
FromELF: creating hex file...
".\Obj\Template.axf" - 0 Error(s), 14 Warning(s).

<h2>Software Packages used:</h2>

Package Vendor: Keil
                http://www.keil.com/pack/Keil.STM32F1xx_DFP.2.3.0.pack
                Keil.STM32F1xx_DFP.2.3.0
                STMicroelectronics STM32F1 Series Device Support, Drivers and Examples

<h2>Collection of Component include folders:</h2>
  D:\Keil_v5\packs\Keil\STM32F1xx_DFP\2.3.0\Device\Include

<h2>Collection of Component Files used:</h2>
Build Time Elapsed:  00:00:16
</pre>
</body>
</html>
