<html>
<body>
<pre>
<h1>礦ision Build Log</h1>
<h2>Tool Versions:</h2>
IDE-Version: μVision V5.36.0.0
Copyright (C) 2021 ARM Ltd and ARM Germany GmbH. All rights reserved.
License Information: 1 1, 2, LIC=SDA0P-MZ2PD-010P1-CJ6BG-L22W7-93LRM
 
Tool Versions:
Toolchain:       MDK-ARM Plus  Version: 5.36.0.0
Toolchain Path:  d:\Keil_v5\ARM\ARMCC\Bin
C Compiler:      Armcc.exe V5.06 update 7 (build 960)
Assembler:       Armasm.exe V5.06 update 7 (build 960)
Linker/Locator:  ArmLink.exe V5.06 update 7 (build 960)
Library Manager: ArmAr.exe V5.06 update 7 (build 960)
Hex Converter:   FromElf.exe V5.06 update 7 (build 960)
CPU DLL:         SARMCM3.DLL V5.36.0.0
Dialog DLL:      DCM.DLL V1.17.3.0
Target DLL:      CMSIS_AGDI.dll V1.33.0.0
Dialog DLL:      TCM.DLL V1.53.0.0
 
<h2>Project:</h2>
E:\learnSrc\2summer_lab\34-触摸屏实验\Template.uvprojx
Project File Date:  07/09/2025

<h2>Output:</h2>
*** Using Compiler 'V5.06 update 7 (build 960)', folder: 'd:\Keil_v5\ARM\ARMCC\Bin'
Rebuild target 'Target 1'
compiling misc.c...
compiling main.c...
User\main.c(21): warning:  #177-D: variable "j"  was declared but never referenced
      int j;
User\main.c(117): warning:  #167-D: argument of type "char *" is incompatible with parameter of type "u8 *"
                        text);
User\main.c(297): warning:  #174-D: expression has no effect
  		buttons[0].state == 1;
User\main.c(309): warning:  #167-D: argument of type "char *" is incompatible with parameter of type "u8 *"
      LCD_ShowString(55, 290, tftlcd_data.width, tftlcd_data.height, 16, fan_buf);
User\main.c(367): warning:  #167-D: argument of type "char *" is incompatible with parameter of type "u8 *"
              LCD_ShowString(55, 290, tftlcd_data.width, tftlcd_data.height, 16, fan_buf);
User\main.c(429): warning:  #223-D: function "strcmp" declared implicitly
                  if(strcmp((const char*)USART3_RX_BUF,"+LED2 ON\r\n") == 0) LED2 = 0; // 打开LED2
User\main.c(513): warning:  #167-D: argument of type "char *" is incompatible with parameter of type "u8 *"
              LCD_ShowString(55, 290, tftlcd_data.width, tftlcd_data.height, 16, fan_buf);
User\main.c(522): warning:  #1-D: last line of file ends without a newline
  }
User\main.c(265): warning:  #177-D: variable "tempDisplayState"  was declared but never referenced
      TempDisplayState tempDisplayState = TEMP_DISPLAY_OFF;
User\main.c(266): warning:  #177-D: variable "tempToDisplay"  was declared but never referenced
      u8 tempToDisplay = 0;
User\main.c(267): warning:  #177-D: variable "tempDisplayColor"  was declared but never referenced
      u32 tempDisplayColor = 0;
User\main.c(268): warning:  #177-D: variable "tempDisplayStartTime"  was declared but never referenced
      u32 tempDisplayStartTime = 0;
User\main.c(269): warning:  #177-D: variable "tempUpdateTime"  was declared but never referenced
  		u32 tempUpdateTime = 0;  // 温度更新时间戳
User\main.c: 13 warnings, 0 errors
compiling stm32f10x_exti.c...
compiling stm32f10x_it.c...
compiling stm32f10x_iwdg.c...
compiling stm32f10x_bkp.c...
compiling stm32f10x_gpio.c...
compiling stm32f10x_tim.c...
compiling stm32f10x_dac.c...
assembling startup_stm32f10x_hd.s...
compiling stm32f10x_pwr.c...
compiling stm32f10x_wwdg.c...
compiling stm32f10x_rcc.c...
compiling stm32f10x_usart.c...
compiling stm32f10x_adc.c...
compiling stm32f10x_dma.c...
compiling stm32f10x_can.c...
compiling stm32f10x_rtc.c...
compiling stm32f10x_fsmc.c...
compiling stm32f10x_spi.c...
compiling system_stm32f10x.c...
compiling 24cxx.c...
compiling key.c...
compiling ctiic.c...
compiling led.c...
compiling touch.c...
compiling iic.c...
compiling gt5663.c...
compiling core_cm3.c...
compiling tftlcd.c...
APP\tftlcd\tftlcd.c(1116): warning:  #177-D: variable "g"  was declared but never referenced
   	u16 r=0,g=0,b=0;
APP\tftlcd\tftlcd.c(1116): warning:  #177-D: variable "b"  was declared but never referenced
   	u16 r=0,g=0,b=0;
APP\tftlcd\tftlcd.c(1117): warning:  #177-D: variable "r1"  was declared but never referenced
  	u16 r1,r2,r3;
APP\tftlcd\tftlcd.c(1117): warning:  #177-D: variable "r2"  was declared but never referenced
  	u16 r1,r2,r3;
APP\tftlcd\tftlcd.c(1117): warning:  #177-D: variable "r3"  was declared but never referenced
  	u16 r1,r2,r3;
APP\tftlcd\tftlcd.c(1118): warning:  #177-D: variable "value"  was declared but never referenced
  	u32 value;
APP\tftlcd\tftlcd.c(4238): warning:  #550-D: variable "num"  was set but never used
  	long tmp=0,num=0;
APP\tftlcd\tftlcd.c: 7 warnings, 0 errors
compiling beep.c...
compiling dht11.c...
compiling lsens.c...
compiling hc05.c...
compiling stm32f10x_flash.c...
compiling cst716.c...
compiling usart3.c...
compiling time.c...
compiling ws2812.c...
compiling pwm.c...
compiling usart.c...
compiling system.c...
compiling SysTick.c...
linking...
Program Size: Code=23412 RO-data=19284 RW-data=128 ZI-data=2536  
FromELF: creating hex file...
".\Obj\Template.axf" - 0 Error(s), 20 Warning(s).

<h2>Software Packages used:</h2>

Package Vendor: Keil
                http://www.keil.com/pack/Keil.STM32F1xx_DFP.2.3.0.pack
                Keil.STM32F1xx_DFP.2.3.0
                STMicroelectronics STM32F1 Series Device Support, Drivers and Examples

<h2>Collection of Component include folders:</h2>
  D:\Keil_v5\packs\Keil\STM32F1xx_DFP\2.3.0\Device\Include

<h2>Collection of Component Files used:</h2>
Build Time Elapsed:  00:00:20
</pre>
</body>
</html>
