Component: ARM Compiler 5.06 update 7 (build 960) Tool: armlink [4d3601]

==============================================================================

Section Cross References

    main.o(i.HC05_Role_Show) refers to hc05.o(i.HC05_Get_Role) for HC05_Get_Role
    main.o(i.HC05_Role_Show) refers to tftlcd.o(i.LCD_ShowString) for LCD_ShowString
    main.o(i.HC05_Sta_Show) refers to tftlcd.o(i.LCD_ShowString) for LCD_ShowString
    main.o(i.data_pros) refers to dht11.o(i.DHT11_Read_Data) for DHT11_Read_Data
    main.o(i.data_pros) refers to lsens.o(i.Lsens_Get_Val) for Lsens_Get_Val
    main.o(i.data_pros) refers to tftlcd.o(i.LCD_ShowString) for LCD_ShowString
    main.o(i.data_pros) refers to printf5.o(i.__0sprintf$5) for __2sprintf
    main.o(i.data_pros) refers to printf5.o(i.__0printf$5) for __2printf
    main.o(i.data_pros) refers to main.o(.data) for g_humi
    main.o(i.data_pros) refers to tftlcd.o(.data) for tftlcd_data
    main.o(i.draw_buttons) refers to tftlcd.o(i.LCD_Fill) for LCD_Fill
    main.o(i.draw_buttons) refers to tftlcd.o(i.LCD_DrawRectangle) for LCD_DrawRectangle
    main.o(i.draw_buttons) refers to printf5.o(i.__0sprintf$5) for __2sprintf
    main.o(i.draw_buttons) refers to tftlcd.o(i.LCD_ShowString) for LCD_ShowString
    main.o(i.draw_buttons) refers to main.o(.bss) for buttons
    main.o(i.draw_buttons) refers to tftlcd.o(.data) for FRONT_COLOR
    main.o(i.init_buttons) refers to tftlcd.o(.data) for tftlcd_data
    main.o(i.init_buttons) refers to main.o(.bss) for buttons
    main.o(i.kai_display) refers to tftlcd.o(i.LCD_ShowString) for LCD_ShowString
    main.o(i.kai_display) refers to tftlcd.o(.data) for FRONT_COLOR
    main.o(i.main) refers to systick.o(i.SysTick_Init) for SysTick_Init
    main.o(i.main) refers to misc.o(i.NVIC_PriorityGroupConfig) for NVIC_PriorityGroupConfig
    main.o(i.main) refers to led.o(i.LED_Init) for LED_Init
    main.o(i.main) refers to usart.o(i.USART1_Init) for USART1_Init
    main.o(i.main) refers to tftlcd.o(i.TFTLCD_Init) for TFTLCD_Init
    main.o(i.main) refers to key.o(i.KEY_Init) for KEY_Init
    main.o(i.main) refers to touch.o(i.TP_Init) for TP_Init
    main.o(i.main) refers to beep.o(i.BEEP_Init) for BEEP_Init
    main.o(i.main) refers to lsens.o(i.Lsens_Init) for Lsens_Init
    main.o(i.main) refers to main.o(i.kai_display) for kai_display
    main.o(i.main) refers to systick.o(i.delay_ms) for delay_ms
    main.o(i.main) refers to tftlcd.o(i.LCD_Clear) for LCD_Clear
    main.o(i.main) refers to main.o(i.init_buttons) for init_buttons
    main.o(i.main) refers to main.o(i.draw_buttons) for draw_buttons
    main.o(i.main) refers to tftlcd.o(i.LCD_ShowString) for LCD_ShowString
    main.o(i.main) refers to stm32f10x_gpio.o(i.GPIO_ResetBits) for GPIO_ResetBits
    main.o(i.main) refers to printf5.o(i.__0printf$5) for __2printf
    main.o(i.main) refers to dht11.o(i.DHT11_Init) for DHT11_Init
    main.o(i.main) refers to hc05.o(i.HC05_Init) for HC05_Init
    main.o(i.main) refers to key.o(i.KEY_Scan) for KEY_Scan
    main.o(i.main) refers to touch.o(i.TP_Adjust) for TP_Adjust
    main.o(i.main) refers to touch.o(i.TP_Scan) for TP_Scan
    main.o(i.main) refers to main.o(i.toggle_device) for toggle_device
    main.o(i.main) refers to main.o(i.data_pros) for data_pros
    main.o(i.main) refers to stm32f10x_gpio.o(i.GPIO_SetBits) for GPIO_SetBits
    main.o(i.main) refers to tftlcd.o(.data) for FRONT_COLOR
    main.o(i.main) refers to touch.o(.data) for tp_dev
    main.o(i.main) refers to main.o(.bss) for buttons
    main.o(i.main) refers to main.o(.data) for g_lsens
    main.o(i.toggle_device) refers to stm32f10x_gpio.o(i.GPIO_SetBits) for GPIO_SetBits
    main.o(i.toggle_device) refers to stm32f10x_gpio.o(i.GPIO_ResetBits) for GPIO_ResetBits
    main.o(i.toggle_device) refers to main.o(i.draw_buttons) for draw_buttons
    main.o(i.toggle_device) refers to main.o(.bss) for buttons
    startup_stm32f10x_hd.o(RESET) refers to startup_stm32f10x_hd.o(STACK) for __initial_sp
    startup_stm32f10x_hd.o(RESET) refers to startup_stm32f10x_hd.o(.text) for Reset_Handler
    startup_stm32f10x_hd.o(RESET) refers to stm32f10x_it.o(i.NMI_Handler) for NMI_Handler
    startup_stm32f10x_hd.o(RESET) refers to stm32f10x_it.o(i.HardFault_Handler) for HardFault_Handler
    startup_stm32f10x_hd.o(RESET) refers to stm32f10x_it.o(i.MemManage_Handler) for MemManage_Handler
    startup_stm32f10x_hd.o(RESET) refers to stm32f10x_it.o(i.BusFault_Handler) for BusFault_Handler
    startup_stm32f10x_hd.o(RESET) refers to stm32f10x_it.o(i.UsageFault_Handler) for UsageFault_Handler
    startup_stm32f10x_hd.o(RESET) refers to stm32f10x_it.o(i.SVC_Handler) for SVC_Handler
    startup_stm32f10x_hd.o(RESET) refers to stm32f10x_it.o(i.DebugMon_Handler) for DebugMon_Handler
    startup_stm32f10x_hd.o(RESET) refers to stm32f10x_it.o(i.PendSV_Handler) for PendSV_Handler
    startup_stm32f10x_hd.o(RESET) refers to stm32f10x_it.o(i.SysTick_Handler) for SysTick_Handler
[...]
    ../clib/microlib/printf/printf.c         0x00000000   Number         0  printf7.o ABSOLUTE
    ../clib/microlib/printf/printf.c         0x00000000   Number         0  printf6.o ABSOLUTE
    ../clib/microlib/printf/printf.c         0x00000000   Number         0  printf5.o ABSOLUTE
    ../clib/microlib/printf/printf.c         0x00000000   Number         0  printf4.o ABSOLUTE
    ../clib/microlib/printf/printf.c         0x00000000   Number         0  printf3.o ABSOLUTE
    ../clib/microlib/printf/printf.c         0x00000000   Number         0  printf1.o ABSOLUTE
    ../clib/microlib/printf/printf.c         0x00000000   Number         0  printf0.o ABSOLUTE
    ../clib/microlib/printf/printf.c         0x00000000   Number         0  printfb.o ABSOLUTE
    ../clib/microlib/printf/printf.c         0x00000000   Number         0  printf2.o ABSOLUTE
    ../clib/microlib/printf/printf.c         0x00000000   Number         0  printfa.o ABSOLUTE
    ../clib/microlib/printf/stubs.s          0x00000000   Number         0  stubs.o ABSOLUTE
    ../clib/microlib/stdio/streams.c         0x00000000   Number         0  stdout.o ABSOLUTE
    ../clib/microlib/string/strcmp.c         0x00000000   Number         0  strcmp.o ABSOLUTE
    ../clib/microlib/string/strlen.c         0x00000000   Number         0  strlen.o ABSOLUTE
    ../clib/microlib/string/strstr.c         0x00000000   Number         0  strstr.o ABSOLUTE
    ../clib/microlib/stubs.s                 0x00000000   Number         0  iusefp.o ABSOLUTE
    ../fplib/microlib/f2d.c                  0x00000000   Number         0  f2d.o ABSOLUTE
    ../fplib/microlib/fpadd.c                0x00000000   Number         0  fadd.o ABSOLUTE
    ../fplib/microlib/fpadd.c                0x00000000   Number         0  dadd.o ABSOLUTE
    ../fplib/microlib/fpdiv.c                0x00000000   Number         0  fdiv.o ABSOLUTE
    ../fplib/microlib/fpdiv.c                0x00000000   Number         0  ddiv.o ABSOLUTE
    ../fplib/microlib/fpepilogue.c           0x00000000   Number         0  fepilogue.o ABSOLUTE
    ../fplib/microlib/fpepilogue.c           0x00000000   Number         0  depilogue.o ABSOLUTE
    ../fplib/microlib/fpfix.c                0x00000000   Number         0  dfixul.o ABSOLUTE
    ../fplib/microlib/fpfix.c                0x00000000   Number         0  dfixui.o ABSOLUTE
    ../fplib/microlib/fpfix.c                0x00000000   Number         0  ffixui.o ABSOLUTE
    ../fplib/microlib/fpfix.c                0x00000000   Number         0  ffixi.o ABSOLUTE
    ../fplib/microlib/fpflt.c                0x00000000   Number         0  fflti.o ABSOLUTE
    ../fplib/microlib/fpflt.c                0x00000000   Number         0  dfltui.o ABSOLUTE
    ../fplib/microlib/fpflt.c                0x00000000   Number         0  ffltui.o ABSOLUTE
    ../fplib/microlib/fpmul.c                0x00000000   Number         0  fmul.o ABSOLUTE
    ../fplib/microlib/fpmul.c                0x00000000   Number         0  dmul.o ABSOLUTE
    ../fplib/microlib/fpsqrt.c               0x00000000   Number         0  dsqrt.o ABSOLUTE
    ../mathlib/sqrt.c                        0x00000000   Number         0  sqrt_x.o ABSOLUTE
    ../mathlib/sqrt.c                        0x00000000   Number         0  sqrt.o ABSOLUTE
    APP\24Cxx\24cxx.c                        0x00000000   Number         0  24cxx.o ABSOLUTE
    APP\dht11\dht11.c                        0x00000000   Number         0  dht11.o ABSOLUTE
    APP\hc05\hc05.c                          0x00000000   Number         0  hc05.o ABSOLUTE
    APP\iic\iic.c                            0x00000000   Number         0  iic.o ABSOLUTE
    APP\key\key.c                            0x00000000   Number         0  key.o ABSOLUTE
    APP\led\led.c                            0x00000000   Number         0  led.o ABSOLUTE
    APP\lsens\lsens.c                        0x00000000   Number         0  lsens.o ABSOLUTE
    APP\tftlcd\tftlcd.c                      0x00000000   Number         0  tftlcd.o ABSOLUTE
    APP\time\time.c                          0x00000000   Number         0  time.o ABSOLUTE
    APP\touch\cst716.c                       0x00000000   Number         0  cst716.o ABSOLUTE
    APP\touch\ctiic.c                        0x00000000   Number         0  ctiic.o ABSOLUTE
    APP\touch\gt5663.c                       0x00000000   Number         0  gt5663.o ABSOLUTE
    APP\touch\touch.c                        0x00000000   Number         0  touch.o ABSOLUTE
    APP\usart3\usart3.c                      0x00000000   Number         0  usart3.o ABSOLUTE
    Libraries\CMSIS\core_cm3.c               0x00000000   Number         0  core_cm3.o ABSOLUTE
    Libraries\CMSIS\startup_stm32f10x_hd.s   0x00000000   Number         0  startup_stm32f10x_hd.o ABSOLUTE
    Libraries\CMSIS\system_stm32f10x.c       0x00000000   Number         0  system_stm32f10x.o ABSOLUTE
    Libraries\STM32F10x_StdPeriph_Driver\src\misc.c 0x00000000   Number         0  misc.o ABSOLUTE
    Libraries\STM32F10x_StdPeriph_Driver\src\stm32f10x_adc.c 0x00000000   Number         0  stm32f10x_adc.o ABSOLUTE
    Libraries\STM32F10x_StdPeriph_Driver\src\stm32f10x_bkp.c 0x00000000   Number         0  stm32f10x_bkp.o ABSOLUTE
    Libraries\STM32F10x_StdPeriph_Driver\src\stm32f10x_can.c 0x00000000   Number         0  stm32f10x_can.o ABSOLUTE
    Libraries\STM32F10x_StdPeriph_Driver\src\stm32f10x_dac.c 0x00000000   Number         0  stm32f10x_dac.o ABSOLUTE
    Libraries\STM32F10x_StdPeriph_Driver\src\stm32f10x_dma.c 0x00000000   Number         0  stm32f10x_dma.o ABSOLUTE
    Libraries\STM32F10x_StdPeriph_Driver\src\stm32f10x_exti.c 0x00000000   Number         0  stm32f10x_exti.o ABSOLUTE
    Libraries\STM32F10x_StdPeriph_Driver\src\stm32f10x_flash.c 0x00000000   Number         0  stm32f10x_flash.o ABSOLUTE
    Libraries\STM32F10x_StdPeriph_Driver\src\stm32f10x_fsmc.c 0x00000000   Number         0  stm32f10x_fsmc.o ABSOLUTE
    Libraries\STM32F10x_StdPeriph_Driver\src\stm32f10x_gpio.c 0x00000000   Number         0  stm32f10x_gpio.o ABSOLUTE
    Libraries\STM32F10x_StdPeriph_Driver\src\stm32f10x_iwdg.c 0x00000000   Number         0  stm32f10x_iwdg.o ABSOLUTE
    Libraries\STM32F10x_StdPeriph_Driver\src\stm32f10x_pwr.c 0x00000000   Number         0  stm32f10x_pwr.o ABSOLUTE
    Libraries\STM32F10x_StdPeriph_Driver\src\stm32f10x_rcc.c 0x00000000   Number         0  stm32f10x_rcc.o ABSOLUTE
    Libraries\STM32F10x_StdPeriph_Driver\src\stm32f10x_rtc.c 0x00000000   Number         0  stm32f10x_rtc.o ABSOLUTE
    Libraries\STM32F10x_StdPeriph_Driver\src\stm32f10x_spi.c 0x00000000   Number         0  stm32f10x_spi.o ABSOLUTE
    Libraries\STM32F10x_StdPeriph_Driver\src\stm32f10x_tim.c 0x00000000   Number         0  stm32f10x_tim.o ABSOLUTE
    Libraries\STM32F10x_StdPeriph_Driver\src\stm32f10x_usart.c 0x00000000   Number         0  stm32f10x_usart.o ABSOLUTE
    Libraries\STM32F10x_StdPeriph_Driver\src\stm32f10x_wwdg.c 0x00000000   Number         0  stm32f10x_wwdg.o ABSOLUTE
    Libraries\\CMSIS\\core_cm3.c             0x00000000   Number         0  core_cm3.o ABSOLUTE
    Public\SysTick.c                         0x00000000   Number         0  systick.o ABSOLUTE
    Public\system.c                          0x00000000   Number         0  system.o ABSOLUTE
    Public\usart.c                           0x00000000   Number         0  usart.o ABSOLUTE
    User\main.c                              0x00000000   Number         0  main.o ABSOLUTE
    User\stm32f10x_it.c                      0x00000000   Number         0  stm32f10x_it.o ABSOLUTE
    beep.c                                   0x00000000   Number         0  beep.o ABSOLUTE
    cdcmple.s                                0x00000000   Number         0  cdcmple.o ABSOLUTE
    cdrcmple.s                               0x00000000   Number         0  cdrcmple.o ABSOLUTE
    dc.s                                     0x00000000   Number         0  dc.o ABSOLUTE
    handlers.s                               0x00000000   Number         0  handlers.o ABSOLUTE
    init.s                                   0x00000000   Number         0  init.o ABSOLUTE
    RESET                                    0x08000000   Section      304  startup_stm32f10x_hd.o(RESET)
    .ARM.Collect$$$$00000000                 0x08000130   Section        0  entry.o(.ARM.Collect$$$$00000000)
    .ARM.Collect$$$$00000001                 0x08000130   Section        4  entry2.o(.ARM.Collect$$$$00000001)
    .ARM.Collect$$$$00000004                 0x08000134   Section        4  entry5.o(.ARM.Collect$$$$00000004)
    .ARM.Collect$$$$00000008                 0x08000138   Section        0  entry7b.o(.ARM.Collect$$$$00000008)
    .ARM.Collect$$$$0000000A                 0x08000138   Section        0  entry8b.o(.ARM.Collect$$$$0000000A)
    .ARM.Collect$$$$0000000B                 0x08000138   Section        8  entry9a.o(.ARM.Collect$$$$0000000B)
    .ARM.Collect$$$$0000000E                 0x08000140   Section        4  entry12b.o(.ARM.Collect$$$$0000000E)
    .ARM.Collect$$$$0000000F                 0x08000144   Section        0  entry10a.o(.ARM.Collect$$$$0000000F)
    .ARM.Collect$$$$00000011                 0x08000144   Section        0  entry11a.o(.ARM.Collect$$$$00000011)
    .ARM.Collect$$$$00002712                 0x08000144   Section        4  entry2.o(.ARM.Collect$$$$00002712)
    __lit__00000000                          0x08000144   Data           4  entry2.o(.ARM.Collect$$$$00002712)
    .text                                    0x08000148   Section       36  startup_stm32f10x_hd.o(.text)
    .text                                    0x0800016c   Section        0  strstr.o(.text)
    .text                                    0x08000190   Section        0  strlen.o(.text)
    .text                                    0x0800019e   Section        0  fadd.o(.text)
    .text                                    0x0800024e   Section        0  fmul.o(.text)
    .text                                    0x080002b2   Section        0  fdiv.o(.text)
    .text                                    0x0800032e   Section        0  dmul.o(.text)
    .text                                    0x08000412   Section        0  fflti.o(.text)
    .text                                    0x08000424   Section        0  ffltui.o(.text)
    .text                                    0x0800042e   Section        0  dfltui.o(.text)
    .text                                    0x08000448   Section        0  ffixi.o(.text)
    .text                                    0x0800047a   Section        0  ffixui.o(.text)
    .text                                    0x080004a2   Section        0  dfixui.o(.text)
    .text                                    0x080004d4   Section        0  f2d.o(.text)
    .text                                    0x080004fc   Section       48  cdcmple.o(.text)
    .text                                    0x0800052c   Section       48  cdrcmple.o(.text)
    .text                                    0x0800055c   Section        0  uidiv.o(.text)
    .text                                    0x08000588   Section        0  uldiv.o(.text)
    .text                                    0x080005ea   Section        0  llushr.o(.text)
    .text                                    0x0800060a   Section        0  fepilogue.o(.text)
    .text                                    0x0800060a   Section        0  iusefp.o(.text)
    .text                                    0x08000678   Section        0  depilogue.o(.text)
    .text                                    0x08000732   Section        0  dadd.o(.text)
    .text                                    0x08000880   Section        0  ddiv.o(.text)
    .text                                    0x0800095e   Section        0  dsqrt.o(.text)
    .text                                    0x08000a00   Section        0  dfixul.o(.text)
    .text                                    0x08000a30   Section       36  init.o(.text)
    .text                                    0x08000a54   Section        0  llshl.o(.text)
    .text                                    0x08000a72   Section        0  llsshr.o(.text)
    i.ADC_Cmd                                0x08000a96   Section        0  stm32f10x_adc.o(i.ADC_Cmd)
    i.ADC_DeInit                             0x08000aac   Section        0  stm32f10x_adc.o(i.ADC_DeInit)
    i.ADC_GetCalibrationStatus               0x08000b08   Section        0  stm32f10x_adc.o(i.ADC_GetCalibrationStatus)
    i.ADC_GetConversionValue                 0x08000b1c   Section        0  stm32f10x_adc.o(i.ADC_GetConversionValue)
    i.ADC_GetFlagStatus                      0x08000b24   Section        0  stm32f10x_adc.o(i.ADC_GetFlagStatus)
    i.ADC_GetResetCalibrationStatus          0x08000b36   Section        0  stm32f10x_adc.o(i.ADC_GetResetCalibrationStatus)
    i.ADC_Init                               0x08000b4c   Section        0  stm32f10x_adc.o(i.ADC_Init)
    i.ADC_RegularChannelConfig               0x08000b9c   Section        0  stm32f10x_adc.o(i.ADC_RegularChannelConfig)
    i.ADC_ResetCalibration                   0x08000c54   Section        0  stm32f10x_adc.o(i.ADC_ResetCalibration)
    i.ADC_SoftwareStartConvCmd               0x08000c5e   Section        0  stm32f10x_adc.o(i.ADC_SoftwareStartConvCmd)
    i.ADC_StartCalibration                   0x08000c74   Section        0  stm32f10x_adc.o(i.ADC_StartCalibration)
    i.AT24CXX_Init                           0x08000c7e   Section        0  24cxx.o(i.AT24CXX_Init)
    i.AT24CXX_ReadLenByte                    0x08000c86   Section        0  24cxx.o(i.AT24CXX_ReadLenByte)
    i.AT24CXX_ReadOneByte                    0x08000cb2   Section        0  24cxx.o(i.AT24CXX_ReadOneByte)
    i.AT24CXX_WriteLenByte                   0x08000d0a   Section        0  24cxx.o(i.AT24CXX_WriteLenByte)
    i.AT24CXX_WriteOneByte                   0x08000d34   Section        0  24cxx.o(i.AT24CXX_WriteOneByte)
    i.BEEP_Init                              0x08000d84   Section        0  beep.o(i.BEEP_Init)
    i.BusFault_Handler                       0x08000dbc   Section        0  stm32f10x_it.o(i.BusFault_Handler)
    i.DHT11_Check                            0x08000dc0   Section        0  dht11.o(i.DHT11_Check)
    i.DHT11_IO_IN                            0x08000e10   Section        0  dht11.o(i.DHT11_IO_IN)
    i.DHT11_IO_OUT                           0x08000e30   Section        0  dht11.o(i.DHT11_IO_OUT)
    i.DHT11_Init                             0x08000e54   Section        0  dht11.o(i.DHT11_Init)
    i.DHT11_Read_Bit                         0x08000e94   Section        0  dht11.o(i.DHT11_Read_Bit)
    i.DHT11_Read_Byte                        0x08000ee0   Section        0  dht11.o(i.DHT11_Read_Byte)
    i.DHT11_Read_Data                        0x08000efe   Section        0  dht11.o(i.DHT11_Read_Data)
    i.DHT11_Rst                              0x08000f58   Section        0  dht11.o(i.DHT11_Rst)
    i.DebugMon_Handler                       0x08000f84   Section        0  stm32f10x_it.o(i.DebugMon_Handler)
    i.FSMC_NORSRAMCmd                        0x08000f88   Section        0  stm32f10x_fsmc.o(i.FSMC_NORSRAMCmd)
    i.FSMC_NORSRAMInit                       0x08000fbc   Section        0  stm32f10x_fsmc.o(i.FSMC_NORSRAMInit)
    i.GPIO_Init                              0x080010a2   Section        0  stm32f10x_gpio.o(i.GPIO_Init)
    i.GPIO_PinRemapConfig                    0x080011b8   Section        0  stm32f10x_gpio.o(i.GPIO_PinRemapConfig)
    i.GPIO_ResetBits                         0x08001248   Section        0  stm32f10x_gpio.o(i.GPIO_ResetBits)
    i.GPIO_SetBits                           0x0800124c   Section        0  stm32f10x_gpio.o(i.GPIO_SetBits)
    i.Get_ADC3                               0x08001250   Section        0  lsens.o(i.Get_ADC3)
    i.HC05_Init                              0x08001284   Section        0  hc05.o(i.HC05_Init)
    i.HardFault_Handler                      0x08001394   Section        0  stm32f10x_it.o(i.HardFault_Handler)
    i.IIC_Ack                                0x08001398   Section        0  iic.o(i.IIC_Ack)
    i.IIC_Init                               0x080013d0   Section        0  iic.o(i.IIC_Init)
    i.IIC_NAck                               0x0800141c   Section        0  iic.o(i.IIC_NAck)
    i.IIC_Read_Byte                          0x08001454   Section        0  iic.o(i.IIC_Read_Byte)
    i.IIC_Send_Byte                          0x080014ac   Section        0  iic.o(i.IIC_Send_Byte)
    i.IIC_Start                              0x08001510   Section        0  iic.o(i.IIC_Start)
    i.IIC_Stop                               0x08001548   Section        0  iic.o(i.IIC_Stop)
    i.IIC_Wait_Ack                           0x08001580   Section        0  iic.o(i.IIC_Wait_Ack)
    i.KEY_Init                               0x080015cc   Section        0  key.o(i.KEY_Init)
    i.KEY_Scan                               0x08001608   Section        0  key.o(i.KEY_Scan)
    i.LCD_Clear                              0x080016a8   Section        0  tftlcd.o(i.LCD_Clear)
    i.LCD_Display_Dir                        0x080016f0   Section        0  tftlcd.o(i.LCD_Display_Dir)
    i.LCD_DrawFRONT_COLOR                    0x08001738   Section        0  tftlcd.o(i.LCD_DrawFRONT_COLOR)
    i.LCD_DrawLine                           0x08001754   Section        0  tftlcd.o(i.LCD_DrawLine)
    i.LCD_DrawPoint                          0x08001804   Section        0  tftlcd.o(i.LCD_DrawPoint)
    i.LCD_DrawRectangle                      0x08001824   Section        0  tftlcd.o(i.LCD_DrawRectangle)
    i.LCD_Draw_Circle                        0x08001860   Section        0  tftlcd.o(i.LCD_Draw_Circle)
    i.LCD_Fill                               0x080018f8   Section        0  tftlcd.o(i.LCD_Fill)
    i.LCD_Pow                                0x08001954   Section        0  tftlcd.o(i.LCD_Pow)
    i.LCD_ReadData                           0x0800196c   Section        0  tftlcd.o(i.LCD_ReadData)
    i.LCD_Set_Window                         0x08001978   Section        0  tftlcd.o(i.LCD_Set_Window)
    i.LCD_ShowChar                           0x080019c4   Section        0  tftlcd.o(i.LCD_ShowChar)
    i.LCD_ShowNum                            0x08001aec   Section        0  tftlcd.o(i.LCD_ShowNum)
    i.LCD_ShowString                         0x08001b80   Section        0  tftlcd.o(i.LCD_ShowString)
    i.LCD_WriteCmd                           0x08001be8   Section        0  tftlcd.o(i.LCD_WriteCmd)
    i.LCD_WriteData                          0x08001bf4   Section        0  tftlcd.o(i.LCD_WriteData)
    i.LCD_WriteData_Color                    0x08001c00   Section        0  tftlcd.o(i.LCD_WriteData_Color)
    i.LED_Init                               0x08001c10   Section        0  led.o(i.LED_Init)
    i.Lsens_Get_Val                          0x08001c5c   Section        0  lsens.o(i.Lsens_Get_Val)
    i.Lsens_Init                             0x08001c98   Section        0  lsens.o(i.Lsens_Init)
    i.MemManage_Handler                      0x08001d38   Section        0  stm32f10x_it.o(i.MemManage_Handler)
    i.NMI_Handler                            0x08001d3c   Section        0  stm32f10x_it.o(i.NMI_Handler)
    i.NVIC_Init                              0x08001d40   Section        0  misc.o(i.NVIC_Init)
    i.NVIC_PriorityGroupConfig               0x08001db0   Section        0  misc.o(i.NVIC_PriorityGroupConfig)
    i.PendSV_Handler                         0x08001dc4   Section        0  stm32f10x_it.o(i.PendSV_Handler)
    i.RCC_AHBPeriphClockCmd                  0x08001dc8   Section        0  stm32f10x_rcc.o(i.RCC_AHBPeriphClockCmd)
    i.RCC_APB1PeriphClockCmd                 0x08001de8   Section        0  stm32f10x_rcc.o(i.RCC_APB1PeriphClockCmd)
    i.RCC_APB1PeriphResetCmd                 0x08001e08   Section        0  stm32f10x_rcc.o(i.RCC_APB1PeriphResetCmd)
    i.RCC_APB2PeriphClockCmd                 0x08001e28   Section        0  stm32f10x_rcc.o(i.RCC_APB2PeriphClockCmd)
    i.RCC_APB2PeriphResetCmd                 0x08001e48   Section        0  stm32f10x_rcc.o(i.RCC_APB2PeriphResetCmd)
    i.RCC_GetClocksFreq                      0x08001e68   Section        0  stm32f10x_rcc.o(i.RCC_GetClocksFreq)
    i.SDA_IN                                 0x08001f3c   Section        0  iic.o(i.SDA_IN)
    i.SDA_OUT                                0x08001f58   Section        0  iic.o(i.SDA_OUT)
    i.SVC_Handler                            0x08001f7c   Section        0  stm32f10x_it.o(i.SVC_Handler)
    i.SetSysClock                            0x08001f7e   Section        0  system_stm32f10x.o(i.SetSysClock)
    SetSysClock                              0x08001f7f   Thumb Code     8  system_stm32f10x.o(i.SetSysClock)
    i.SetSysClockTo72                        0x08001f88   Section        0  system_stm32f10x.o(i.SetSysClockTo72)
    SetSysClockTo72                          0x08001f89   Thumb Code   214  system_stm32f10x.o(i.SetSysClockTo72)
    i.SysTick_CLKSourceConfig                0x08002068   Section        0  misc.o(i.SysTick_CLKSourceConfig)
    i.SysTick_Handler                        0x08002090   Section        0  stm32f10x_it.o(i.SysTick_Handler)
    i.SysTick_Init                           0x08002094   Section        0  systick.o(i.SysTick_Init)
    i.SystemInit                             0x080020d0   Section        0  system_stm32f10x.o(i.SystemInit)
    i.TFTLCD_FSMC_Init                       0x08002130   Section        0  tftlcd.o(i.TFTLCD_FSMC_Init)
    i.TFTLCD_GPIO_Init                       0x080021b0   Section        0  tftlcd.o(i.TFTLCD_GPIO_Init)
    i.TFTLCD_Init                            0x08002248   Section        0  tftlcd.o(i.TFTLCD_Init)
    i.TIM4_IRQHandler                        0x0800249c   Section        0  time.o(i.TIM4_IRQHandler)
    i.TIM7_IRQHandler                        0x080024cc   Section        0  time.o(i.TIM7_IRQHandler)
    i.TIM7_Int_Init                          0x08002500   Section        0  time.o(i.TIM7_Int_Init)
    i.TIM_ClearITPendingBit                  0x08002560   Section        0  stm32f10x_tim.o(i.TIM_ClearITPendingBit)
    i.TIM_Cmd                                0x08002566   Section        0  stm32f10x_tim.o(i.TIM_Cmd)
    i.TIM_GetITStatus                        0x0800257e   Section        0  stm32f10x_tim.o(i.TIM_GetITStatus)
    i.TIM_ITConfig                           0x080025a0   Section        0  stm32f10x_tim.o(i.TIM_ITConfig)
    i.TIM_SetCounter                         0x080025b2   Section        0  stm32f10x_tim.o(i.TIM_SetCounter)
    i.TIM_TimeBaseInit                       0x080025b8   Section        0  stm32f10x_tim.o(i.TIM_TimeBaseInit)
    i.TP_Adj_Info_Show                       0x0800265c   Section        0  touch.o(i.TP_Adj_Info_Show)
    i.TP_Adjust                              0x08002804   Section        0  touch.o(i.TP_Adjust)
    i.TP_Drow_Touch_Point                    0x08003060   Section        0  touch.o(i.TP_Drow_Touch_Point)
    i.TP_Get_Adjdata                         0x080030d0   Section        0  touch.o(i.TP_Get_Adjdata)
    i.TP_Init                                0x0800317c   Section        0  touch.o(i.TP_Init)
    i.TP_Read_AD                             0x08003248   Section        0  touch.o(i.TP_Read_AD)
    i.TP_Read_XOY                            0x080032dc   Section        0  touch.o(i.TP_Read_XOY)
    i.TP_Read_XY                             0x08003358   Section        0  touch.o(i.TP_Read_XY)
    i.TP_Read_XY2                            0x08003388   Section        0  touch.o(i.TP_Read_XY2)
    i.TP_Save_Adjdata                        0x08003448   Section        0  touch.o(i.TP_Save_Adjdata)
    i.TP_Scan                                0x080034c0   Section        0  touch.o(i.TP_Scan)
    i.TP_Write_Byte                          0x080035c8   Section        0  touch.o(i.TP_Write_Byte)
    i.USART1_IRQHandler                      0x08003614   Section        0  usart.o(i.USART1_IRQHandler)
    i.USART1_Init                            0x0800369c   Section        0  usart.o(i.USART1_Init)
    i.USART3_IRQHandler                      0x0800374c   Section        0  usart3.o(i.USART3_IRQHandler)
    i.USART3_Init                            0x080037bc   Section        0  usart3.o(i.USART3_Init)
    i.USART_ClearFlag                        0x0800388c   Section        0  stm32f10x_usart.o(i.USART_ClearFlag)
    i.USART_Cmd                              0x0800389e   Section        0  stm32f10x_usart.o(i.USART_Cmd)
    i.USART_DeInit                           0x080038b8   Section        0  stm32f10x_usart.o(i.USART_DeInit)
    i.USART_GetFlagStatus                    0x08003954   Section        0  stm32f10x_usart.o(i.USART_GetFlagStatus)
    i.USART_GetITStatus                      0x0800396e   Section        0  stm32f10x_usart.o(i.USART_GetITStatus)
    i.USART_ITConfig                         0x080039c2   Section        0  stm32f10x_usart.o(i.USART_ITConfig)
    i.USART_Init                             0x08003a0c   Section        0  stm32f10x_usart.o(i.USART_Init)
    i.USART_ReceiveData                      0x08003ae4   Section        0  stm32f10x_usart.o(i.USART_ReceiveData)
    i.USART_SendData                         0x08003aee   Section        0  stm32f10x_usart.o(i.USART_SendData)
    i.UsageFault_Handler                     0x08003af6   Section        0  stm32f10x_it.o(i.UsageFault_Handler)
    i.__0printf$5                            0x08003afc   Section        0  printf5.o(i.__0printf$5)
    i.__0sprintf$5                           0x08003b1c   Section        0  printf5.o(i.__0sprintf$5)
    i.__0vsprintf                            0x08003b44   Section        0  printfa.o(i.__0vsprintf)
    i.__scatterload_copy                     0x08003b68   Section       14  handlers.o(i.__scatterload_copy)
    i.__scatterload_null                     0x08003b76   Section        2  handlers.o(i.__scatterload_null)
    i.__scatterload_zeroinit                 0x08003b78   Section       14  handlers.o(i.__scatterload_zeroinit)
    i.__set_errno                            0x08003b88   Section        0  errno.o(i.__set_errno)
    i._fp_digits                             0x08003b94   Section        0  printfa.o(i._fp_digits)
    _fp_digits                               0x08003b95   Thumb Code   366  printfa.o(i._fp_digits)
    i._printf_core                           0x08003d18   Section        0  printf5.o(i._printf_core)
    _printf_core                             0x08003d19   Thumb Code   660  printf5.o(i._printf_core)
    i._printf_core                           0x08003fd8   Section        0  printfa.o(i._printf_core)
    _printf_core                             0x08003fd9   Thumb Code  1704  printfa.o(i._printf_core)
    i._printf_post_padding                   0x0800468c   Section        0  printfa.o(i._printf_post_padding)
    _printf_post_padding                     0x0800468d   Thumb Code    36  printfa.o(i._printf_post_padding)
    i._printf_pre_padding                    0x080046b0   Section        0  printfa.o(i._printf_pre_padding)
    _printf_pre_padding                      0x080046b1   Thumb Code    46  printfa.o(i._printf_pre_padding)
    i._sputc                                 0x080046de   Section        0  printf5.o(i._sputc)
    _sputc                                   0x080046df   Thumb Code    10  printf5.o(i._sputc)
    i._sputc                                 0x080046e8   Section        0  printfa.o(i._sputc)
    _sputc                                   0x080046e9   Thumb Code    10  printfa.o(i._sputc)
    i.data_pros                              0x080046f4   Section        0  main.o(i.data_pros)
    i.delay_ms                               0x08004804   Section        0  systick.o(i.delay_ms)
    i.delay_us                               0x08004850   Section        0  systick.o(i.delay_us)
    i.draw_buttons                           0x0800489c   Section        0  main.o(i.draw_buttons)
    i.fputc                                  0x08004a18   Section        0  usart.o(i.fputc)
    i.init_buttons                           0x08004a3c   Section        0  main.o(i.init_buttons)
    i.kai_display                            0x08004ab0   Section        0  main.o(i.kai_display)
    i.main                                   0x08004ae8   Section        0  main.o(i.main)
    i.sqrt                                   0x08004fa0   Section        0  sqrt.o(i.sqrt)
    i.toggle_device                          0x08004fec   Section        0  main.o(i.toggle_device)
    i.u3_printf                              0x080050b0   Section        0  usart3.o(i.u3_printf)
    .constdata                               0x08005100   Section        4  touch.o(.constdata)
    .constdata                               0x08005104   Section    18712  tftlcd.o(.constdata)
    .conststring                             0x08009a1c   Section      121  touch.o(.conststring)
    .data                                    0x20000000   Section        3  main.o(.data)
    .data                                    0x20000003   Section       20  stm32f10x_rcc.o(.data)
    APBAHBPrescTable                         0x20000003   Data          16  stm32f10x_rcc.o(.data)
    ADCPrescTable                            0x20000013   Data           4  stm32f10x_rcc.o(.data)
    .data                                    0x20000018   Section       74  touch.o(.data)
    .data                                    0x20000062   Section        1  key.o(.data)
    key                                      0x20000062   Data           1  key.o(.data)
    .data                                    0x20000064   Section       12  tftlcd.o(.data)
    .data                                    0x20000070   Section        2  usart3.o(.data)
    .data                                    0x20000072   Section        4  systick.o(.data)
    fac_us                                   0x20000072   Data           1  systick.o(.data)
    fac_ms                                   0x20000074   Data           2  systick.o(.data)
    .data                                    0x20000076   Section        2  usart.o(.data)
    .data                                    0x20000078   Section        4  stdout.o(.data)
    .data                                    0x2000007c   Section        4  errno.o(.data)
    _errno                                   0x2000007c   Data           4  errno.o(.data)
    .bss                                     0x20000080   Section       30  main.o(.bss)
    .bss                                     0x2000009e   Section     1200  usart3.o(.bss)
    .bss                                     0x2000054e   Section      200  usart.o(.bss)
    STACK                                    0x20000618   Section     1024  startup_stm32f10x_hd.o(STACK)

    Global Symbols

    Symbol Name                              Value     Ov Type        Size  Object(Section)

    BuildAttributes$$THM_ISAv4$P$D$K$B$S$PE$A:L22UL41UL21$X:L11$S22US41US21$IEEE1$IW$USESV6$~STKCKD$USESV7$~SHL$OTIME$ROPI$IEEEJ$EBA8$MICROLIB$REQ8$PRES8$EABIv2 0x00000000   Number         0  anon$$obj.o ABSOLUTE
    __ARM_use_no_argv                        0x00000000   Number         0  main.o ABSOLUTE
    _printf_a                                0x00000000   Number         0  stubs.o ABSOLUTE
    _printf_c                                0x00000000   Number         0  stubs.o ABSOLUTE
    _printf_charcount                        0x00000000   Number         0  stubs.o ABSOLUTE
    _printf_d                                0x00000000   Number         0  stubs.o ABSOLUTE
    _printf_e                                0x00000000   Number         0  stubs.o ABSOLUTE
    _printf_f                                0x00000000   Number         0  stubs.o ABSOLUTE
    _printf_flags                            0x00000000   Number         0  stubs.o ABSOLUTE
    _printf_fp_dec                           0x00000000   Number         0  stubs.o ABSOLUTE
    _printf_fp_hex                           0x00000000   Number         0  stubs.o ABSOLUTE
    _printf_g                                0x00000000   Number         0  stubs.o ABSOLUTE
    _printf_i                                0x00000000   Number         0  stubs.o ABSOLUTE
    _printf_int_dec                          0x00000000   Number         0  stubs.o ABSOLUTE
    _printf_l                                0x00000000   Number         0  stubs.o ABSOLUTE
    _printf_lc                               0x00000000   Number         0  stubs.o ABSOLUTE
    _printf_ll                               0x00000000   Number         0  stubs.o ABSOLUTE
    _printf_lld                              0x00000000   Number         0  stubs.o ABSOLUTE
    _printf_lli                              0x00000000   Number         0  stubs.o ABSOLUTE
    _printf_llo                              0x00000000   Number         0  stubs.o ABSOLUTE
    _printf_llu                              0x00000000   Number         0  stubs.o ABSOLUTE
    _printf_llx                              0x00000000   Number         0  stubs.o ABSOLUTE
    _printf_longlong_dec                     0x00000000   Number         0  stubs.o ABSOLUTE
    _printf_longlong_hex                     0x00000000   Number         0  stubs.o ABSOLUTE
    _printf_longlong_oct                     0x00000000   Number         0  stubs.o ABSOLUTE
    _printf_ls                               0x00000000   Number         0  stubs.o ABSOLUTE
    _printf_mbtowc                           0x00000000   Number         0  stubs.o ABSOLUTE
    _printf_n                                0x00000000   Number         0  stubs.o ABSOLUTE
    _printf_o                                0x00000000   Number         0  stubs.o ABSOLUTE
    _printf_p                                0x00000000   Number         0  stubs.o ABSOLUTE
    _printf_percent                          0x00000000   Number         0  stubs.o ABSOLUTE
    _printf_pre_padding                      0x00000000   Number         0  stubs.o ABSOLUTE
    _printf_return_value                     0x00000000   Number         0  stubs.o ABSOLUTE
    _printf_s                                0x00000000   Number         0  stubs.o ABSOLUTE
    _printf_sizespec                         0x00000000   Number         0  stubs.o ABSOLUTE
    _printf_str                              0x00000000   Number         0  stubs.o ABSOLUTE
    _printf_truncate_signed                  0x00000000   Number         0  stubs.o ABSOLUTE
    _printf_truncate_unsigned                0x00000000   Number         0  stubs.o ABSOLUTE
    _printf_u                                0x00000000   Number         0  stubs.o ABSOLUTE
    _printf_wc                               0x00000000   Number         0  stubs.o ABSOLUTE
    _printf_wctomb                           0x00000000   Number         0  stubs.o ABSOLUTE
    _printf_widthprec                        0x00000000   Number         0  stubs.o ABSOLUTE
    _printf_x                                0x00000000   Number         0  stubs.o ABSOLUTE
    __arm_fini_                               - Undefined Weak Reference
    __cpp_initialize__aeabi_                  - Undefined Weak Reference
    __cxa_finalize                            - Undefined Weak Reference
    __decompress                              - Undefined Weak Reference
    _clock_init                               - Undefined Weak Reference
    _microlib_exit                            - Undefined Weak Reference
    __Vectors_Size                           0x00000130   Number         0  startup_stm32f10x_hd.o ABSOLUTE
    __Vectors                                0x08000000   Data           4  startup_stm32f10x_hd.o(RESET)
    __Vectors_End                            0x08000130   Data           0  startup_stm32f10x_hd.o(RESET)
    __main                                   0x08000131   Thumb Code     0  entry.o(.ARM.Collect$$$$00000000)
    _main_stk                                0x08000131   Thumb Code     0  entry2.o(.ARM.Collect$$$$00000001)
    _main_scatterload                        0x08000135   Thumb Code     0  entry5.o(.ARM.Collect$$$$00000004)
    __main_after_scatterload                 0x08000139   Thumb Code     0  entry5.o(.ARM.Collect$$$$00000004)
    _main_clock                              0x08000139   Thumb Code     0  entry7b.o(.ARM.Collect$$$$00000008)
    _main_cpp_init                           0x08000139   Thumb Code     0  entry8b.o(.ARM.Collect$$$$0000000A)
    _main_init                               0x08000139   Thumb Code     0  entry9a.o(.ARM.Collect$$$$0000000B)
    __rt_lib_shutdown_fini                   0x08000141   Thumb Code     0  entry12b.o(.ARM.Collect$$$$0000000E)
    __rt_final_cpp                           0x08000145   Thumb Code     0  entry10a.o(.ARM.Collect$$$$0000000F)
    __rt_final_exit                          0x08000145   Thumb Code     0  entry11a.o(.ARM.Collect$$$$00000011)
    Reset_Handler                            0x08000149   Thumb Code     8  startup_stm32f10x_hd.o(.text)
    ADC1_2_IRQHandler                        0x08000163   Thumb Code     0  startup_stm32f10x_hd.o(.text)
    ADC3_IRQHandler                          0x08000163   Thumb Code     0  startup_stm32f10x_hd.o(.text)
    CAN1_RX1_IRQHandler                      0x08000163   Thumb Code     0  startup_stm32f10x_hd.o(.text)
    CAN1_SCE_IRQHandler                      0x08000163   Thumb Code     0  startup_stm32f10x_hd.o(.text)
    DMA1_Channel1_IRQHandler                 0x08000163   Thumb Code     0  startup_stm32f10x_hd.o(.text)
    DMA1_Channel2_IRQHandler                 0x08000163   Thumb Code     0  startup_stm32f10x_hd.o(.text)
    DMA1_Channel3_IRQHandler                 0x08000163   Thumb Code     0  startup_stm32f10x_hd.o(.text)
    DMA1_Channel4_IRQHandler                 0x08000163   Thumb Code     0  startup_stm32f10x_hd.o(.text)
    DMA1_Channel5_IRQHandler                 0x08000163   Thumb Code     0  startup_stm32f10x_hd.o(.text)
    DMA1_Channel6_IRQHandler                 0x08000163   Thumb Code     0  startup_stm32f10x_hd.o(.text)
    DMA1_Channel7_IRQHandler                 0x08000163   Thumb Code     0  startup_stm32f10x_hd.o(.text)
    DMA2_Channel1_IRQHandler                 0x08000163   Thumb Code     0  startup_stm32f10x_hd.o(.text)
    DMA2_Channel2_IRQHandler                 0x08000163   Thumb Code     0  startup_stm32f10x_hd.o(.text)
    DMA2_Channel3_IRQHandler                 0x08000163   Thumb Code     0  startup_stm32f10x_hd.o(.text)
    DMA2_Channel4_5_IRQHandler               0x08000163   Thumb Code     0  startup_stm32f10x_hd.o(.text)
    EXTI0_IRQHandler                         0x08000163   Thumb Code     0  startup_stm32f10x_hd.o(.text)
    EXTI15_10_IRQHandler                     0x08000163   Thumb Code     0  startup_stm32f10x_hd.o(.text)
    EXTI1_IRQHandler                         0x08000163   Thumb Code     0  startup_stm32f10x_hd.o(.text)
    EXTI2_IRQHandler                         0x08000163   Thumb Code     0  startup_stm32f10x_hd.o(.text)
    EXTI3_IRQHandler                         0x08000163   Thumb Code     0  startup_stm32f10x_hd.o(.text)
    EXTI4_IRQHandler                         0x08000163   Thumb Code     0  startup_stm32f10x_hd.o(.text)
    EXTI9_5_IRQHandler                       0x08000163   Thumb Code     0  startup_stm32f10x_hd.o(.text)
    FLASH_IRQHandler                         0x08000163   Thumb Code     0  startup_stm32f10x_hd.o(.text)
    FSMC_IRQHandler                          0x08000163   Thumb Code     0  startup_stm32f10x_hd.o(.text)
    I2C1_ER_IRQHandler                       0x08000163   Thumb Code     0  startup_stm32f10x_hd.o(.text)
    I2C1_EV_IRQHandler                       0x08000163   Thumb Code     0  startup_stm32f10x_hd.o(.text)
    I2C2_ER_IRQHandler                       0x08000163   Thumb Code     0  startup_stm32f10x_hd.o(.text)
    I2C2_EV_IRQHandler                       0x08000163   Thumb Code     0  startup_stm32f10x_hd.o(.text)
    PVD_IRQHandler                           0x08000163   Thumb Code     0  startup_stm32f10x_hd.o(.text)
    RCC_IRQHandler                           0x08000163   Thumb Code     0  startup_stm32f10x_hd.o(.text)
    RTCAlarm_IRQHandler                      0x08000163   Thumb Code     0  startup_stm32f10x_hd.o(.text)
    RTC_IRQHandler                           0x08000163   Thumb Code     0  startup_stm32f10x_hd.o(.text)
    SDIO_IRQHandler                          0x08000163   Thumb Code     0  startup_stm32f10x_hd.o(.text)
    SPI1_IRQHandler                          0x08000163   Thumb Code     0  startup_stm32f10x_hd.o(.text)
    SPI2_IRQHandler                          0x08000163   Thumb Code     0  startup_stm32f10x_hd.o(.text)
    SPI3_IRQHandler                          0x08000163   Thumb Code     0  startup_stm32f10x_hd.o(.text)
    TAMPER_IRQHandler                        0x08000163   Thumb Code     0  startup_stm32f10x_hd.o(.text)
    TIM1_BRK_IRQHandler                      0x08000163   Thumb Code     0  startup_stm32f10x_hd.o(.text)
    TIM1_CC_IRQHandler                       0x08000163   Thumb Code     0  startup_stm32f10x_hd.o(.text)
    TIM1_TRG_COM_IRQHandler                  0x08000163   Thumb Code     0  startup_stm32f10x_hd.o(.text)
    TIM1_UP_IRQHandler                       0x08000163   Thumb Code     0  startup_stm32f10x_hd.o(.text)
    TIM2_IRQHandler                          0x08000163   Thumb Code     0  startup_stm32f10x_hd.o(.text)
    TIM3_IRQHandler                          0x08000163   Thumb Code     0  startup_stm32f10x_hd.o(.text)
    TIM5_IRQHandler                          0x08000163   Thumb Code     0  startup_stm32f10x_hd.o(.text)
    TIM6_IRQHandler                          0x08000163   Thumb Code     0  startup_stm32f10x_hd.o(.text)
    TIM8_BRK_IRQHandler                      0x08000163   Thumb Code     0  startup_stm32f10x_hd.o(.text)
    TIM8_CC_IRQHandler                       0x08000163   Thumb Code     0  startup_stm32f10x_hd.o(.text)
    TIM8_TRG_COM_IRQHandler                  0x08000163   Thumb Code     0  startup_stm32f10x_hd.o(.text)
    TIM8_UP_IRQHandler                       0x08000163   Thumb Code     0  startup_stm32f10x_hd.o(.text)
    UART4_IRQHandler                         0x08000163   Thumb Code     0  startup_stm32f10x_hd.o(.text)
    UART5_IRQHandler                         0x08000163   Thumb Code     0  startup_stm32f10x_hd.o(.text)
    USART2_IRQHandler                        0x08000163   Thumb Code     0  startup_stm32f10x_hd.o(.text)
    USBWakeUp_IRQHandler                     0x08000163   Thumb Code     0  startup_stm32f10x_hd.o(.text)
    USB_HP_CAN1_TX_IRQHandler                0x08000163   Thumb Code     0  startup_stm32f10x_hd.o(.text)
    USB_LP_CAN1_RX0_IRQHandler               0x08000163   Thumb Code     0  startup_stm32f10x_hd.o(.text)
    WWDG_IRQHandler                          0x08000163   Thumb Code     0  startup_stm32f10x_hd.o(.text)
    strstr                                   0x0800016d   Thumb Code    36  strstr.o(.text)
    strlen                                   0x08000191   Thumb Code    14  strlen.o(.text)
    __aeabi_fadd                             0x0800019f   Thumb Code   164  fadd.o(.text)
    __aeabi_fsub                             0x08000243   Thumb Code     6  fadd.o(.text)
    __aeabi_frsub                            0x08000249   Thumb Code     6  fadd.o(.text)
    __aeabi_fmul                             0x0800024f   Thumb Code   100  fmul.o(.text)
    __aeabi_fdiv                             0x080002b3   Thumb Code   124  fdiv.o(.text)
    __aeabi_dmul                             0x0800032f   Thumb Code   228  dmul.o(.text)
    __aeabi_i2f                              0x08000413   Thumb Code    18  fflti.o(.text)
    __aeabi_ui2f                             0x08000425   Thumb Code    10  ffltui.o(.text)
    __aeabi_ui2d                             0x0800042f   Thumb Code    26  dfltui.o(.text)
    __aeabi_f2iz                             0x08000449   Thumb Code    50  ffixi.o(.text)
    __aeabi_f2uiz                            0x0800047b   Thumb Code    40  ffixui.o(.text)
    __aeabi_d2uiz                            0x080004a3   Thumb Code    50  dfixui.o(.text)
    __aeabi_f2d                              0x080004d5   Thumb Code    38  f2d.o(.text)
    __aeabi_cdcmpeq                          0x080004fd   Thumb Code     0  cdcmple.o(.text)
    __aeabi_cdcmple                          0x080004fd   Thumb Code    48  cdcmple.o(.text)
    __aeabi_cdrcmple                         0x0800052d   Thumb Code    48  cdrcmple.o(.text)
    __aeabi_uidiv                            0x0800055d   Thumb Code     0  uidiv.o(.text)
    __aeabi_uidivmod                         0x0800055d   Thumb Code    44  uidiv.o(.text)
    __aeabi_uldivmod                         0x08000589   Thumb Code    98  uldiv.o(.text)
    __aeabi_llsr                             0x080005eb   Thumb Code    32  llushr.o(.text)
    _ll_ushift_r                             0x080005eb   Thumb Code     0  llushr.o(.text)
    __I$use$fp                               0x0800060b   Thumb Code     0  iusefp.o(.text)
    _float_round                             0x0800060b   Thumb Code    18  fepilogue.o(.text)
    _float_epilogue                          0x0800061d   Thumb Code    92  fepilogue.o(.text)
    _double_round                            0x08000679   Thumb Code    30  depilogue.o(.text)
    _double_epilogue                         0x08000697   Thumb Code   156  depilogue.o(.text)
    __aeabi_dadd                             0x08000733   Thumb Code   322  dadd.o(.text)
    __aeabi_dsub                             0x08000875   Thumb Code     6  dadd.o(.text)
    __aeabi_drsub                            0x0800087b   Thumb Code     6  dadd.o(.text)
    __aeabi_ddiv                             0x08000881   Thumb Code   222  ddiv.o(.text)
    _dsqrt                                   0x0800095f   Thumb Code   162  dsqrt.o(.text)
    __aeabi_d2ulz                            0x08000a01   Thumb Code    48  dfixul.o(.text)
    __scatterload                            0x08000a31   Thumb Code    28  init.o(.text)
    __scatterload_rt2                        0x08000a31   Thumb Code     0  init.o(.text)
    __aeabi_llsl                             0x08000a55   Thumb Code    30  llshl.o(.text)
    _ll_shift_l                              0x08000a55   Thumb Code     0  llshl.o(.text)
    __aeabi_lasr                             0x08000a73   Thumb Code    36  llsshr.o(.text)
    _ll_sshift_r                             0x08000a73   Thumb Code     0  llsshr.o(.text)
    ADC_Cmd                                  0x08000a97   Thumb Code    22  stm32f10x_adc.o(i.ADC_Cmd)
    ADC_DeInit                               0x08000aad   Thumb Code    78  stm32f10x_adc.o(i.ADC_DeInit)
    ADC_GetCalibrationStatus                 0x08000b09   Thumb Code    20  stm32f10x_adc.o(i.ADC_GetCalibrationStatus)
    ADC_GetConversionValue                   0x08000b1d   Thumb Code     8  stm32f10x_adc.o(i.ADC_GetConversionValue)
    ADC_GetFlagStatus                        0x08000b25   Thumb Code    18  stm32f10x_adc.o(i.ADC_GetFlagStatus)
    ADC_GetResetCalibrationStatus            0x08000b37   Thumb Code    20  stm32f10x_adc.o(i.ADC_GetResetCalibrationStatus)
    ADC_Init                                 0x08000b4d   Thumb Code    70  stm32f10x_adc.o(i.ADC_Init)
    ADC_RegularChannelConfig                 0x08000b9d   Thumb Code   184  stm32f10x_adc.o(i.ADC_RegularChannelConfig)
    ADC_ResetCalibration                     0x08000c55   Thumb Code    10  stm32f10x_adc.o(i.ADC_ResetCalibration)
    ADC_SoftwareStartConvCmd                 0x08000c5f   Thumb Code    22  stm32f10x_adc.o(i.ADC_SoftwareStartConvCmd)
    ADC_StartCalibration                     0x08000c75   Thumb Code    10  stm32f10x_adc.o(i.ADC_StartCalibration)
    AT24CXX_Init                             0x08000c7f   Thumb Code     8  24cxx.o(i.AT24CXX_Init)
    AT24CXX_ReadLenByte                      0x08000c87   Thumb Code    44  24cxx.o(i.AT24CXX_ReadLenByte)
    AT24CXX_ReadOneByte                      0x08000cb3   Thumb Code    88  24cxx.o(i.AT24CXX_ReadOneByte)
    AT24CXX_WriteLenByte                     0x08000d0b   Thumb Code    42  24cxx.o(i.AT24CXX_WriteLenByte)
    AT24CXX_WriteOneByte                     0x08000d35   Thumb Code    80  24cxx.o(i.AT24CXX_WriteOneByte)
    BEEP_Init                                0x08000d85   Thumb Code    50  beep.o(i.BEEP_Init)
    BusFault_Handler                         0x08000dbd   Thumb Code     4  stm32f10x_it.o(i.BusFault_Handler)
    DHT11_Check                              0x08000dc1   Thumb Code    74  dht11.o(i.DHT11_Check)
    DHT11_IO_IN                              0x08000e11   Thumb Code    26  dht11.o(i.DHT11_IO_IN)
    DHT11_IO_OUT                             0x08000e31   Thumb Code    32  dht11.o(i.DHT11_IO_OUT)
    DHT11_Init                               0x08000e55   Thumb Code    58  dht11.o(i.DHT11_Init)
    DHT11_Read_Bit                           0x08000e95   Thumb Code    70  dht11.o(i.DHT11_Read_Bit)
    DHT11_Read_Byte                          0x08000ee1   Thumb Code    30  dht11.o(i.DHT11_Read_Byte)
    DHT11_Read_Data                          0x08000eff   Thumb Code    88  dht11.o(i.DHT11_Read_Data)
    DHT11_Rst                                0x08000f59   Thumb Code    34  dht11.o(i.DHT11_Rst)
    DebugMon_Handler                         0x08000f85   Thumb Code     2  stm32f10x_it.o(i.DebugMon_Handler)
    FSMC_NORSRAMCmd                          0x08000f89   Thumb Code    46  stm32f10x_fsmc.o(i.FSMC_NORSRAMCmd)
    FSMC_NORSRAMInit                         0x08000fbd   Thumb Code   230  stm32f10x_fsmc.o(i.FSMC_NORSRAMInit)
    GPIO_Init                                0x080010a3   Thumb Code   278  stm32f10x_gpio.o(i.GPIO_Init)
    GPIO_PinRemapConfig                      0x080011b9   Thumb Code   138  stm32f10x_gpio.o(i.GPIO_PinRemapConfig)
    GPIO_ResetBits                           0x08001249   Thumb Code     4  stm32f10x_gpio.o(i.GPIO_ResetBits)
    GPIO_SetBits                             0x0800124d   Thumb Code     4  stm32f10x_gpio.o(i.GPIO_SetBits)
    Get_ADC3                                 0x08001251   Thumb Code    46  lsens.o(i.Get_ADC3)
    HC05_Init                                0x08001285   Thumb Code   234  hc05.o(i.HC05_Init)
    HardFault_Handler                        0x08001395   Thumb Code     4  stm32f10x_it.o(i.HardFault_Handler)
    IIC_Ack                                  0x08001399   Thumb Code    48  iic.o(i.IIC_Ack)
    IIC_Init                                 0x080013d1   Thumb Code    64  iic.o(i.IIC_Init)
    IIC_NAck                                 0x0800141d   Thumb Code    48  iic.o(i.IIC_NAck)
    IIC_Read_Byte                            0x08001455   Thumb Code    80  iic.o(i.IIC_Read_Byte)
    IIC_Send_Byte                            0x080014ad   Thumb Code    90  iic.o(i.IIC_Send_Byte)
    IIC_Start                                0x08001511   Thumb Code    46  iic.o(i.IIC_Start)
    IIC_Stop                                 0x08001549   Thumb Code    46  iic.o(i.IIC_Stop)
    IIC_Wait_Ack                             0x08001581   Thumb Code    68  iic.o(i.IIC_Wait_Ack)
    KEY_Init                                 0x080015cd   Thumb Code    52  key.o(i.KEY_Init)
    KEY_Scan                                 0x08001609   Thumb Code   148  key.o(i.KEY_Scan)
    LCD_Clear                                0x080016a9   Thumb Code    68  tftlcd.o(i.LCD_Clear)
    LCD_Display_Dir                          0x080016f1   Thumb Code    66  tftlcd.o(i.LCD_Display_Dir)
    LCD_DrawFRONT_COLOR                      0x08001739   Thumb Code    28  tftlcd.o(i.LCD_DrawFRONT_COLOR)
    LCD_DrawLine                             0x08001755   Thumb Code   176  tftlcd.o(i.LCD_DrawLine)
    LCD_DrawPoint                            0x08001805   Thumb Code    28  tftlcd.o(i.LCD_DrawPoint)
    LCD_DrawRectangle                        0x08001825   Thumb Code    60  tftlcd.o(i.LCD_DrawRectangle)
    LCD_Draw_Circle                          0x08001861   Thumb Code   152  tftlcd.o(i.LCD_Draw_Circle)
    LCD_Fill                                 0x080018f9   Thumb Code    92  tftlcd.o(i.LCD_Fill)
    LCD_Pow                                  0x08001955   Thumb Code    22  tftlcd.o(i.LCD_Pow)
    LCD_ReadData                             0x0800196d   Thumb Code     6  tftlcd.o(i.LCD_ReadData)
    LCD_Set_Window                           0x08001979   Thumb Code    74  tftlcd.o(i.LCD_Set_Window)
    LCD_ShowChar                             0x080019c5   Thumb Code   272  tftlcd.o(i.LCD_ShowChar)
    LCD_ShowNum                              0x08001aed   Thumb Code   148  tftlcd.o(i.LCD_ShowNum)
    LCD_ShowString                           0x08001b81   Thumb Code   102  tftlcd.o(i.LCD_ShowString)
    LCD_WriteCmd                             0x08001be9   Thumb Code     6  tftlcd.o(i.LCD_WriteCmd)
    LCD_WriteData                            0x08001bf5   Thumb Code     6  tftlcd.o(i.LCD_WriteData)
    LCD_WriteData_Color                      0x08001c01   Thumb Code    12  tftlcd.o(i.LCD_WriteData_Color)
    LED_Init                                 0x08001c11   Thumb Code    68  led.o(i.LED_Init)
    Lsens_Get_Val                            0x08001c5d   Thumb Code    60  lsens.o(i.Lsens_Get_Val)
    Lsens_Init                               0x08001c99   Thumb Code   150  lsens.o(i.Lsens_Init)
    MemManage_Handler                        0x08001d39   Thumb Code     4  stm32f10x_it.o(i.MemManage_Handler)
    NMI_Handler                              0x08001d3d   Thumb Code     2  stm32f10x_it.o(i.NMI_Handler)
    NVIC_Init                                0x08001d41   Thumb Code   100  misc.o(i.NVIC_Init)
    NVIC_PriorityGroupConfig                 0x08001db1   Thumb Code    10  misc.o(i.NVIC_PriorityGroupConfig)
    PendSV_Handler                           0x08001dc5   Thumb Code     2  stm32f10x_it.o(i.PendSV_Handler)
    RCC_AHBPeriphClockCmd                    0x08001dc9   Thumb Code    26  stm32f10x_rcc.o(i.RCC_AHBPeriphClockCmd)
    RCC_APB1PeriphClockCmd                   0x08001de9   Thumb Code    26  stm32f10x_rcc.o(i.RCC_APB1PeriphClockCmd)
    RCC_APB1PeriphResetCmd                   0x08001e09   Thumb Code    26  stm32f10x_rcc.o(i.RCC_APB1PeriphResetCmd)
    RCC_APB2PeriphClockCmd                   0x08001e29   Thumb Code    26  stm32f10x_rcc.o(i.RCC_APB2PeriphClockCmd)
    RCC_APB2PeriphResetCmd                   0x08001e49   Thumb Code    26  stm32f10x_rcc.o(i.RCC_APB2PeriphResetCmd)
    RCC_GetClocksFreq                        0x08001e69   Thumb Code   192  stm32f10x_rcc.o(i.RCC_GetClocksFreq)
    SDA_IN                                   0x08001f3d   Thumb Code    24  iic.o(i.SDA_IN)
    SDA_OUT                                  0x08001f59   Thumb Code    30  iic.o(i.SDA_OUT)
    SVC_Handler                              0x08001f7d   Thumb Code     2  stm32f10x_it.o(i.SVC_Handler)
    SysTick_CLKSourceConfig                  0x08002069   Thumb Code    40  misc.o(i.SysTick_CLKSourceConfig)
    SysTick_Handler                          0x08002091   Thumb Code     2  stm32f10x_it.o(i.SysTick_Handler)
    SysTick_Init                             0x08002095   Thumb Code    52  systick.o(i.SysTick_Init)
    SystemInit                               0x080020d1   Thumb Code    78  system_stm32f10x.o(i.SystemInit)
    TFTLCD_FSMC_Init                         0x08002131   Thumb Code   126  tftlcd.o(i.TFTLCD_FSMC_Init)
    TFTLCD_GPIO_Init                         0x080021b1   Thumb Code   130  tftlcd.o(i.TFTLCD_GPIO_Init)
    TFTLCD_Init                              0x08002249   Thumb Code   574  tftlcd.o(i.TFTLCD_Init)
    TIM4_IRQHandler                          0x0800249d   Thumb Code    38  time.o(i.TIM4_IRQHandler)
    TIM7_IRQHandler                          0x080024cd   Thumb Code    42  time.o(i.TIM7_IRQHandler)
    TIM7_Int_Init                            0x08002501   Thumb Code    90  time.o(i.TIM7_Int_Init)
    TIM_ClearITPendingBit                    0x08002561   Thumb Code     6  stm32f10x_tim.o(i.TIM_ClearITPendingBit)
    TIM_Cmd                                  0x08002567   Thumb Code    24  stm32f10x_tim.o(i.TIM_Cmd)
    TIM_GetITStatus                          0x0800257f   Thumb Code    34  stm32f10x_tim.o(i.TIM_GetITStatus)
    TIM_ITConfig                             0x080025a1   Thumb Code    18  stm32f10x_tim.o(i.TIM_ITConfig)
    TIM_SetCounter                           0x080025b3   Thumb Code     4  stm32f10x_tim.o(i.TIM_SetCounter)
    TIM_TimeBaseInit                         0x080025b9   Thumb Code   122  stm32f10x_tim.o(i.TIM_TimeBaseInit)
    TP_Adj_Info_Show                         0x0800265d   Thumb Code   374  touch.o(i.TP_Adj_Info_Show)
    TP_Adjust                                0x08002805   Thumb Code  2058  touch.o(i.TP_Adjust)
    TP_Drow_Touch_Point                      0x08003061   Thumb Code   108  touch.o(i.TP_Drow_Touch_Point)
    TP_Get_Adjdata                           0x080030d1   Thumb Code   156  touch.o(i.TP_Get_Adjdata)
    TP_Init                                  0x0800317d   Thumb Code   190  touch.o(i.TP_Init)
    TP_Read_AD                               0x08003249   Thumb Code   132  touch.o(i.TP_Read_AD)
    TP_Read_XOY                              0x080032dd   Thumb Code   122  touch.o(i.TP_Read_XOY)
    TP_Read_XY                               0x08003359   Thumb Code    38  touch.o(i.TP_Read_XY)
    TP_Read_XY2                              0x08003389   Thumb Code   192  touch.o(i.TP_Read_XY2)
    TP_Save_Adjdata                          0x08003449   Thumb Code   110  touch.o(i.TP_Save_Adjdata)
    TP_Scan                                  0x080034c1   Thumb Code   256  touch.o(i.TP_Scan)
    TP_Write_Byte                            0x080035c9   Thumb Code    64  touch.o(i.TP_Write_Byte)
    USART1_IRQHandler                        0x08003615   Thumb Code   122  usart.o(i.USART1_IRQHandler)
    USART1_Init                              0x0800369d   Thumb Code   166  usart.o(i.USART1_Init)
    USART3_IRQHandler                        0x0800374d   Thumb Code    94  usart3.o(i.USART3_IRQHandler)
    USART3_Init                              0x080037bd   Thumb Code   190  usart3.o(i.USART3_Init)
    USART_ClearFlag                          0x0800388d   Thumb Code    18  stm32f10x_usart.o(i.USART_ClearFlag)
    USART_Cmd                                0x0800389f   Thumb Code    24  stm32f10x_usart.o(i.USART_Cmd)
    USART_DeInit                             0x080038b9   Thumb Code   134  stm32f10x_usart.o(i.USART_DeInit)
    USART_GetFlagStatus                      0x08003955   Thumb Code    26  stm32f10x_usart.o(i.USART_GetFlagStatus)
    USART_GetITStatus                        0x0800396f   Thumb Code    84  stm32f10x_usart.o(i.USART_GetITStatus)
    USART_ITConfig                           0x080039c3   Thumb Code    74  stm32f10x_usart.o(i.USART_ITConfig)
    USART_Init                               0x08003a0d   Thumb Code   210  stm32f10x_usart.o(i.USART_Init)
    USART_ReceiveData                        0x08003ae5   Thumb Code    10  stm32f10x_usart.o(i.USART_ReceiveData)
    USART_SendData                           0x08003aef   Thumb Code     8  stm32f10x_usart.o(i.USART_SendData)
    UsageFault_Handler                       0x08003af7   Thumb Code     4  stm32f10x_it.o(i.UsageFault_Handler)
    __0printf$5                              0x08003afd   Thumb Code    22  printf5.o(i.__0printf$5)
    __1printf$5                              0x08003afd   Thumb Code     0  printf5.o(i.__0printf$5)
    __2printf                                0x08003afd   Thumb Code     0  printf5.o(i.__0printf$5)
    __0sprintf$5                             0x08003b1d   Thumb Code    34  printf5.o(i.__0sprintf$5)
    __1sprintf$5                             0x08003b1d   Thumb Code     0  printf5.o(i.__0sprintf$5)
    __2sprintf                               0x08003b1d   Thumb Code     0  printf5.o(i.__0sprintf$5)
    __0vsprintf                              0x08003b45   Thumb Code    30  printfa.o(i.__0vsprintf)
    __1vsprintf                              0x08003b45   Thumb Code     0  printfa.o(i.__0vsprintf)
    __2vsprintf                              0x08003b45   Thumb Code     0  printfa.o(i.__0vsprintf)
    __c89vsprintf                            0x08003b45   Thumb Code     0  printfa.o(i.__0vsprintf)
    vsprintf                                 0x08003b45   Thumb Code     0  printfa.o(i.__0vsprintf)
    __scatterload_copy                       0x08003b69   Thumb Code    14  handlers.o(i.__scatterload_copy)
    __scatterload_null                       0x08003b77   Thumb Code     2  handlers.o(i.__scatterload_null)
    __scatterload_zeroinit                   0x08003b79   Thumb Code    14  handlers.o(i.__scatterload_zeroinit)
    __set_errno                              0x08003b89   Thumb Code     6  errno.o(i.__set_errno)
    data_pros                                0x080046f5   Thumb Code   210  main.o(i.data_pros)
    delay_ms                                 0x08004805   Thumb Code    72  systick.o(i.delay_ms)
    delay_us                                 0x08004851   Thumb Code    72  systick.o(i.delay_us)
    draw_buttons                             0x0800489d   Thumb Code   346  main.o(i.draw_buttons)
    fputc                                    0x08004a19   Thumb Code    32  usart.o(i.fputc)
    init_buttons                             0x08004a3d   Thumb Code   106  main.o(i.init_buttons)
    kai_display                              0x08004ab1   Thumb Code    32  main.o(i.kai_display)
    main                                     0x08004ae9   Thumb Code   890  main.o(i.main)
    sqrt                                     0x08004fa1   Thumb Code    76  sqrt.o(i.sqrt)
    toggle_device                            0x08004fed   Thumb Code   180  main.o(i.toggle_device)
    u3_printf                                0x080050b1   Thumb Code    72  usart3.o(i.u3_printf)
    TP_REMIND_MSG_TBL                        0x08005100   Data           4  touch.o(.constdata)
    ascii_1206                               0x08005104   Data        1140  tftlcd.o(.constdata)
    ascii_1608                               0x08005578   Data        1520  tftlcd.o(.constdata)
    ascii_2412                               0x08005b68   Data        3420  tftlcd.o(.constdata)
    ascii_3216                               0x080068c4   Data       12160  tftlcd.o(.constdata)
    CnChar32x29                              0x08009844   Data         472  tftlcd.o(.constdata)
    Region$$Table$$Base                      0x08009a98   Number         0  anon$$obj.o(Region$$Table)
    Region$$Table$$Limit                     0x08009ab8   Number         0  anon$$obj.o(Region$$Table)
    g_temp                                   0x20000000   Data           1  main.o(.data)
    g_humi                                   0x20000001   Data           1  main.o(.data)
    g_lsens                                  0x20000002   Data           1  main.o(.data)
    tp_dev                                   0x20000018   Data          72  touch.o(.data)
    CMD_RDX                                  0x20000060   Data           1  touch.o(.data)
    CMD_RDY                                  0x20000061   Data           1  touch.o(.data)
    FRONT_COLOR                              0x20000064   Data           2  tftlcd.o(.data)
    BACK_COLOR                               0x20000066   Data           2  tftlcd.o(.data)
    tftlcd_data                              0x20000068   Data           8  tftlcd.o(.data)
    USART3_RX_STA                            0x20000070   Data           2  usart3.o(.data)
    USART1_RX_STA                            0x20000076   Data           2  usart.o(.data)
    __stdout                                 0x20000078   Data           4  stdout.o(.data)
    buttons                                  0x20000080   Data          30  main.o(.bss)
    USART3_RX_BUF                            0x2000009e   Data         600  usart3.o(.bss)
    USART3_TX_BUF                            0x200002f6   Data         600  usart3.o(.bss)
    USART1_RX_BUF                            0x2000054e   Data         200  usart.o(.bss)
    __initial_sp                             0x20000a18   Data           0  startup_stm32f10x_hd.o(STACK)



==============================================================================

Memory Map of the image

  Image Entry point : 0x08000131

  Load Region LR_IROM1 (Base: 0x08000000, Size: 0x00009b38, Max: 0x00080000, ABSOLUTE)

    Execution Region ER_IROM1 (Exec base: 0x08000000, Load base: 0x08000000, Size: 0x00009ab8, Max: 0x00080000, ABSOLUTE)

    Exec Addr    Load Addr    Size         Type   Attr      Idx    E Section Name        Object

    0x08000000   0x08000000   0x00000130   Data   RO          274    RESET               startup_stm32f10x_hd.o
    0x08000130   0x08000130   0x00000000   Code   RO         3663  * .ARM.Collect$$$$00000000  mc_w.l(entry.o)
    0x08000130   0x08000130   0x00000004   Code   RO         3959    .ARM.Collect$$$$00000001  mc_w.l(entry2.o)
    0x08000134   0x08000134   0x00000004   Code   RO         3962    .ARM.Collect$$$$00000004  mc_w.l(entry5.o)
    0x08000138   0x08000138   0x00000000   Code   RO         3964    .ARM.Collect$$$$00000008  mc_w.l(entry7b.o)
    0x08000138   0x08000138   0x00000000   Code   RO         3966    .ARM.Collect$$$$0000000A  mc_w.l(entry8b.o)
    0x08000138   0x08000138   0x00000008   Code   RO         3967    .ARM.Collect$$$$0000000B  mc_w.l(entry9a.o)
    0x08000140   0x08000140   0x00000004   Code   RO         3974    .ARM.Collect$$$$0000000E  mc_w.l(entry12b.o)
    0x08000144   0x08000144   0x00000000   Code   RO         3969    .ARM.Collect$$$$0000000F  mc_w.l(entry10a.o)
    0x08000144   0x08000144   0x00000000   Code   RO         3971    .ARM.Collect$$$$00000011  mc_w.l(entry11a.o)
    0x08000144   0x08000144   0x00000004   Code   RO         3960    .ARM.Collect$$$$00002712  mc_w.l(entry2.o)
    0x08000148   0x08000148   0x00000024   Code   RO          275    .text               startup_stm32f10x_hd.o
    0x0800016c   0x0800016c   0x00000024   Code   RO         3666    .text               mc_w.l(strstr.o)
    0x08000190   0x08000190   0x0000000e   Code   RO         3668    .text               mc_w.l(strlen.o)
    0x0800019e   0x0800019e   0x000000b0   Code   RO         3933    .text               mf_w.l(fadd.o)
    0x0800024e   0x0800024e   0x00000064   Code   RO         3935    .text               mf_w.l(fmul.o)
    0x080002b2   0x080002b2   0x0000007c   Code   RO         3937    .text               mf_w.l(fdiv.o)
    0x0800032e   0x0800032e   0x000000e4   Code   RO         3939    .text               mf_w.l(dmul.o)
    0x08000412   0x08000412   0x00000012   Code   RO         3941    .text               mf_w.l(fflti.o)
    0x08000424   0x08000424   0x0000000a   Code   RO         3943    .text               mf_w.l(ffltui.o)
    0x0800042e   0x0800042e   0x0000001a   Code   RO         3945    .text               mf_w.l(dfltui.o)
    0x08000448   0x08000448   0x00000032   Code   RO         3947    .text               mf_w.l(ffixi.o)
    0x0800047a   0x0800047a   0x00000028   Code   RO         3949    .text               mf_w.l(ffixui.o)
    0x080004a2   0x080004a2   0x00000032   Code   RO         3951    .text               mf_w.l(dfixui.o)
    0x080004d4   0x080004d4   0x00000026   Code   RO         3953    .text               mf_w.l(f2d.o)
    0x080004fa   0x080004fa   0x00000002   PAD
    0x080004fc   0x080004fc   0x00000030   Code   RO         3955    .text               mf_w.l(cdcmple.o)
    0x0800052c   0x0800052c   0x00000030   Code   RO         3957    .text               mf_w.l(cdrcmple.o)
    0x0800055c   0x0800055c   0x0000002c   Code   RO         3976    .text               mc_w.l(uidiv.o)
    0x08000588   0x08000588   0x00000062   Code   RO         3978    .text               mc_w.l(uldiv.o)
    0x080005ea   0x080005ea   0x00000020   Code   RO         3980    .text               mc_w.l(llushr.o)
    0x0800060a   0x0800060a   0x00000000   Code   RO         3989    .text               mc_w.l(iusefp.o)
    0x0800060a   0x0800060a   0x0000006e   Code   RO         3990    .text               mf_w.l(fepilogue.o)
    0x08000678   0x08000678   0x000000ba   Code   RO         3992    .text               mf_w.l(depilogue.o)
    0x08000732   0x08000732   0x0000014e   Code   RO         3994    .text               mf_w.l(dadd.o)
    0x08000880   0x08000880   0x000000de   Code   RO         3996    .text               mf_w.l(ddiv.o)
    0x0800095e   0x0800095e   0x000000a2   Code   RO         3998    .text               mf_w.l(dsqrt.o)
    0x08000a00   0x08000a00   0x00000030   Code   RO         4000    .text               mf_w.l(dfixul.o)
    0x08000a30   0x08000a30   0x00000024   Code   RO         4002    .text               mc_w.l(init.o)
    0x08000a54   0x08000a54   0x0000001e   Code   RO         4004    .text               mc_w.l(llshl.o)
    0x08000a72   0x08000a72   0x00000024   Code   RO         4006    .text               mc_w.l(llsshr.o)
    0x08000a96   0x08000a96   0x00000016   Code   RO         1652    i.ADC_Cmd           stm32f10x_adc.o
    0x08000aac   0x08000aac   0x0000005c   Code   RO         1654    i.ADC_DeInit        stm32f10x_adc.o
    0x08000b08   0x08000b08   0x00000014   Code   RO         1660    i.ADC_GetCalibrationStatus  stm32f10x_adc.o
    0x08000b1c   0x08000b1c   0x00000008   Code   RO         1661    i.ADC_GetConversionValue  stm32f10x_adc.o
    0x08000b24   0x08000b24   0x00000012   Code   RO         1663    i.ADC_GetFlagStatus  stm32f10x_adc.o
    0x08000b36   0x08000b36   0x00000014   Code   RO         1666    i.ADC_GetResetCalibrationStatus  stm32f10x_adc.o
    0x08000b4a   0x08000b4a   0x00000002   PAD
    0x08000b4c   0x08000b4c   0x00000050   Code   RO         1670    i.ADC_Init          stm32f10x_adc.o
    0x08000b9c   0x08000b9c   0x000000b8   Code   RO         1674    i.ADC_RegularChannelConfig  stm32f10x_adc.o
    0x08000c54   0x08000c54   0x0000000a   Code   RO         1675    i.ADC_ResetCalibration  stm32f10x_adc.o
    0x08000c5e   0x08000c5e   0x00000016   Code   RO         1677    i.ADC_SoftwareStartConvCmd  stm32f10x_adc.o
    0x08000c74   0x08000c74   0x0000000a   Code   RO         1679    i.ADC_StartCalibration  stm32f10x_adc.o
    0x08000c7e   0x08000c7e   0x00000008   Code   RO         2872    i.AT24CXX_Init      24cxx.o
    0x08000c86   0x08000c86   0x0000002c   Code   RO         2874    i.AT24CXX_ReadLenByte  24cxx.o
    0x08000cb2   0x08000cb2   0x00000058   Code   RO         2875    i.AT24CXX_ReadOneByte  24cxx.o
    0x08000d0a   0x08000d0a   0x0000002a   Code   RO         2877    i.AT24CXX_WriteLenByte  24cxx.o
    0x08000d34   0x08000d34   0x00000050   Code   RO         2878    i.AT24CXX_WriteOneByte  24cxx.o
    0x08000d84   0x08000d84   0x00000038   Code   RO         3378    i.BEEP_Init         beep.o
    0x08000dbc   0x08000dbc   0x00000004   Code   RO          187    i.BusFault_Handler  stm32f10x_it.o
    0x08000dc0   0x08000dc0   0x00000050   Code   RO         3390    i.DHT11_Check       dht11.o
    0x08000e10   0x08000e10   0x00000020   Code   RO         3391    i.DHT11_IO_IN       dht11.o
    0x08000e30   0x08000e30   0x00000024   Code   RO         3392    i.DHT11_IO_OUT      dht11.o
    0x08000e54   0x08000e54   0x00000040   Code   RO         3393    i.DHT11_Init        dht11.o
    0x08000e94   0x08000e94   0x0000004c   Code   RO         3394    i.DHT11_Read_Bit    dht11.o
    0x08000ee0   0x08000ee0   0x0000001e   Code   RO         3395    i.DHT11_Read_Byte   dht11.o
    0x08000efe   0x08000efe   0x00000058   Code   RO         3396    i.DHT11_Read_Data   dht11.o
    0x08000f56   0x08000f56   0x00000002   PAD
    0x08000f58   0x08000f58   0x0000002c   Code   RO         3397    i.DHT11_Rst         dht11.o
    0x08000f84   0x08000f84   0x00000002   Code   RO          188    i.DebugMon_Handler  stm32f10x_it.o
    0x08000f86   0x08000f86   0x00000002   PAD
    0x08000f88   0x08000f88   0x00000034   Code   RO         2274    i.FSMC_NORSRAMCmd   stm32f10x_fsmc.o
    0x08000fbc   0x08000fbc   0x000000e6   Code   RO         2276    i.FSMC_NORSRAMInit  stm32f10x_fsmc.o
    0x080010a2   0x080010a2   0x00000116   Code   RO          286    i.GPIO_Init         stm32f10x_gpio.o
    0x080011b8   0x080011b8   0x00000090   Code   RO          288    i.GPIO_PinRemapConfig  stm32f10x_gpio.o
    0x08001248   0x08001248   0x00000004   Code   RO          293    i.GPIO_ResetBits    stm32f10x_gpio.o
    0x0800124c   0x0800124c   0x00000004   Code   RO          294    i.GPIO_SetBits      stm32f10x_gpio.o
    0x08001250   0x08001250   0x00000034   Code   RO         3447    i.Get_ADC3          lsens.o
    0x08001284   0x08001284   0x00000110   Code   RO         3476    i.HC05_Init         hc05.o
    0x08001394   0x08001394   0x00000004   Code   RO          189    i.HardFault_Handler  stm32f10x_it.o
    0x08001398   0x08001398   0x00000038   Code   RO         2928    i.IIC_Ack           iic.o
    0x080013d0   0x080013d0   0x0000004c   Code   RO         2929    i.IIC_Init          iic.o
    0x0800141c   0x0800141c   0x00000038   Code   RO         2930    i.IIC_NAck          iic.o
    0x08001454   0x08001454   0x00000058   Code   RO         2931    i.IIC_Read_Byte     iic.o
    0x080014ac   0x080014ac   0x00000064   Code   RO         2932    i.IIC_Send_Byte     iic.o
    0x08001510   0x08001510   0x00000038   Code   RO         2933    i.IIC_Start         iic.o
    0x08001548   0x08001548   0x00000038   Code   RO         2934    i.IIC_Stop          iic.o
    0x08001580   0x08001580   0x0000004c   Code   RO         2935    i.IIC_Wait_Ack      iic.o
    0x080015cc   0x080015cc   0x0000003c   Code   RO         2997    i.KEY_Init          key.o
    0x08001608   0x08001608   0x000000a0   Code   RO         2998    i.KEY_Scan          key.o
    0x080016a8   0x080016a8   0x00000048   Code   RO         3175    i.LCD_Clear         tftlcd.o
    0x080016f0   0x080016f0   0x00000048   Code   RO         3177    i.LCD_Display_Dir   tftlcd.o
    0x08001738   0x08001738   0x0000001c   Code   RO         3178    i.LCD_DrawFRONT_COLOR  tftlcd.o
    0x08001754   0x08001754   0x000000b0   Code   RO         3179    i.LCD_DrawLine      tftlcd.o
    0x08001804   0x08001804   0x00000020   Code   RO         3181    i.LCD_DrawPoint     tftlcd.o
    0x08001824   0x08001824   0x0000003c   Code   RO         3182    i.LCD_DrawRectangle  tftlcd.o
    0x08001860   0x08001860   0x00000098   Code   RO         3183    i.LCD_Draw_Circle   tftlcd.o
    0x080018f8   0x080018f8   0x0000005c   Code   RO         3185    i.LCD_Fill          tftlcd.o
    0x08001954   0x08001954   0x00000016   Code   RO         3186    i.LCD_Pow           tftlcd.o
    0x0800196a   0x0800196a   0x00000002   PAD
    0x0800196c   0x0800196c   0x0000000c   Code   RO         3188    i.LCD_ReadData      tftlcd.o
    0x08001978   0x08001978   0x0000004a   Code   RO         3191    i.LCD_Set_Window    tftlcd.o
    0x080019c2   0x080019c2   0x00000002   PAD
    0x080019c4   0x080019c4   0x00000128   Code   RO         3192    i.LCD_ShowChar      tftlcd.o
    0x08001aec   0x08001aec   0x00000094   Code   RO         3194    i.LCD_ShowNum       tftlcd.o
    0x08001b80   0x08001b80   0x00000066   Code   RO         3196    i.LCD_ShowString    tftlcd.o
    0x08001be6   0x08001be6   0x00000002   PAD
    0x08001be8   0x08001be8   0x0000000c   Code   RO         3198    i.LCD_WriteCmd      tftlcd.o
    0x08001bf4   0x08001bf4   0x0000000c   Code   RO         3200    i.LCD_WriteData     tftlcd.o
    0x08001c00   0x08001c00   0x00000010   Code   RO         3201    i.LCD_WriteData_Color  tftlcd.o
    0x08001c10   0x08001c10   0x0000004c   Code   RO         2745    i.LED_Init          led.o
    0x08001c5c   0x08001c5c   0x0000003c   Code   RO         3448    i.Lsens_Get_Val     lsens.o
    0x08001c98   0x08001c98   0x000000a0   Code   RO         3449    i.Lsens_Init        lsens.o
    0x08001d38   0x08001d38   0x00000004   Code   RO          190    i.MemManage_Handler  stm32f10x_it.o
    0x08001d3c   0x08001d3c   0x00000002   Code   RO          191    i.NMI_Handler       stm32f10x_it.o
    0x08001d3e   0x08001d3e   0x00000002   PAD
    0x08001d40   0x08001d40   0x00000070   Code   RO          594    i.NVIC_Init         misc.o
    0x08001db0   0x08001db0   0x00000014   Code   RO          595    i.NVIC_PriorityGroupConfig  misc.o
    0x08001dc4   0x08001dc4   0x00000002   Code   RO          192    i.PendSV_Handler    stm32f10x_it.o
    0x08001dc6   0x08001dc6   0x00000002   PAD
    0x08001dc8   0x08001dc8   0x00000020   Code   RO          395    i.RCC_AHBPeriphClockCmd  stm32f10x_rcc.o
    0x08001de8   0x08001de8   0x00000020   Code   RO          396    i.RCC_APB1PeriphClockCmd  stm32f10x_rcc.o
    0x08001e08   0x08001e08   0x00000020   Code   RO          397    i.RCC_APB1PeriphResetCmd  stm32f10x_rcc.o
    0x08001e28   0x08001e28   0x00000020   Code   RO          398    i.RCC_APB2PeriphClockCmd  stm32f10x_rcc.o
    0x08001e48   0x08001e48   0x00000020   Code   RO          399    i.RCC_APB2PeriphResetCmd  stm32f10x_rcc.o
    0x08001e68   0x08001e68   0x000000d4   Code   RO          406    i.RCC_GetClocksFreq  stm32f10x_rcc.o
    0x08001f3c   0x08001f3c   0x0000001c   Code   RO         2936    i.SDA_IN            iic.o
    0x08001f58   0x08001f58   0x00000024   Code   RO         2937    i.SDA_OUT           iic.o
    0x08001f7c   0x08001f7c   0x00000002   Code   RO          193    i.SVC_Handler       stm32f10x_it.o
    0x08001f7e   0x08001f7e   0x00000008   Code   RO         2701    i.SetSysClock       system_stm32f10x.o
    0x08001f86   0x08001f86   0x00000002   PAD
    0x08001f88   0x08001f88   0x000000e0   Code   RO         2702    i.SetSysClockTo72   system_stm32f10x.o
    0x08002068   0x08002068   0x00000028   Code   RO          598    i.SysTick_CLKSourceConfig  misc.o
    0x08002090   0x08002090   0x00000002   Code   RO          194    i.SysTick_Handler   stm32f10x_it.o
    0x08002092   0x08002092   0x00000002   PAD
    0x08002094   0x08002094   0x0000003c   Code   RO         3595    i.SysTick_Init      systick.o
    0x080020d0   0x080020d0   0x00000060   Code   RO         2704    i.SystemInit        system_stm32f10x.o
    0x08002130   0x08002130   0x0000007e   Code   RO         3202    i.TFTLCD_FSMC_Init  tftlcd.o
    0x080021ae   0x080021ae   0x00000002   PAD
    0x080021b0   0x080021b0   0x00000098   Code   RO         3203    i.TFTLCD_GPIO_Init  tftlcd.o
    0x08002248   0x08002248   0x00000254   Code   RO         3204    i.TFTLCD_Init       tftlcd.o
    0x0800249c   0x0800249c   0x00000030   Code   RO         3552    i.TIM4_IRQHandler   time.o
    0x080024cc   0x080024cc   0x00000034   Code   RO         3554    i.TIM7_IRQHandler   time.o
    0x08002500   0x08002500   0x00000060   Code   RO         3555    i.TIM7_Int_Init     time.o
    0x08002560   0x08002560   0x00000006   Code   RO          695    i.TIM_ClearITPendingBit  stm32f10x_tim.o
    0x08002566   0x08002566   0x00000018   Code   RO          700    i.TIM_Cmd           stm32f10x_tim.o
    0x0800257e   0x0800257e   0x00000022   Code   RO          721    i.TIM_GetITStatus   stm32f10x_tim.o
    0x080025a0   0x080025a0   0x00000012   Code   RO          725    i.TIM_ITConfig      stm32f10x_tim.o
    0x080025b2   0x080025b2   0x00000004   Code   RO          765    i.TIM_SetCounter    stm32f10x_tim.o
    0x080025b6   0x080025b6   0x00000002   PAD
    0x080025b8   0x080025b8   0x000000a4   Code   RO          771    i.TIM_TimeBaseInit  stm32f10x_tim.o
    0x0800265c   0x0800265c   0x000001a8   Code   RO         2760    i.TP_Adj_Info_Show  touch.o
    0x08002804   0x08002804   0x0000085c   Code   RO         2761    i.TP_Adjust         touch.o
    0x08003060   0x08003060   0x00000070   Code   RO         2763    i.TP_Drow_Touch_Point  touch.o
    0x080030d0   0x080030d0   0x000000ac   Code   RO         2764    i.TP_Get_Adjdata    touch.o
    0x0800317c   0x0800317c   0x000000cc   Code   RO         2765    i.TP_Init           touch.o
    0x08003248   0x08003248   0x00000094   Code   RO         2766    i.TP_Read_AD        touch.o
    0x080032dc   0x080032dc   0x0000007a   Code   RO         2767    i.TP_Read_XOY       touch.o
    0x08003356   0x08003356   0x00000002   PAD
    0x08003358   0x08003358   0x00000030   Code   RO         2768    i.TP_Read_XY        touch.o
    0x08003388   0x08003388   0x000000c0   Code   RO         2769    i.TP_Read_XY2       touch.o
    0x08003448   0x08003448   0x00000078   Code   RO         2770    i.TP_Save_Adjdata   touch.o
    0x080034c0   0x080034c0   0x00000108   Code   RO         2771    i.TP_Scan           touch.o
    0x080035c8   0x080035c8   0x0000004c   Code   RO         2772    i.TP_Write_Byte     touch.o
    0x08003614   0x08003614   0x00000088   Code   RO         3624    i.USART1_IRQHandler  usart.o
    0x0800369c   0x0800369c   0x000000b0   Code   RO         3625    i.USART1_Init       usart.o
    0x0800374c   0x0800374c   0x00000070   Code   RO         3511    i.USART3_IRQHandler  usart3.o
    0x080037bc   0x080037bc   0x000000d0   Code   RO         3512    i.USART3_Init       usart3.o
    0x0800388c   0x0800388c   0x00000012   Code   RO         1232    i.USART_ClearFlag   stm32f10x_usart.o
    0x0800389e   0x0800389e   0x00000018   Code   RO         1236    i.USART_Cmd         stm32f10x_usart.o
    0x080038b6   0x080038b6   0x00000002   PAD
    0x080038b8   0x080038b8   0x0000009c   Code   RO         1238    i.USART_DeInit      stm32f10x_usart.o
    0x08003954   0x08003954   0x0000001a   Code   RO         1239    i.USART_GetFlagStatus  stm32f10x_usart.o
    0x0800396e   0x0800396e   0x00000054   Code   RO         1240    i.USART_GetITStatus  stm32f10x_usart.o
    0x080039c2   0x080039c2   0x0000004a   Code   RO         1242    i.USART_ITConfig    stm32f10x_usart.o
    0x08003a0c   0x08003a0c   0x000000d8   Code   RO         1243    i.USART_Init        stm32f10x_usart.o
    0x08003ae4   0x08003ae4   0x0000000a   Code   RO         1250    i.USART_ReceiveData  stm32f10x_usart.o
    0x08003aee   0x08003aee   0x00000008   Code   RO         1253    i.USART_SendData    stm32f10x_usart.o
    0x08003af6   0x08003af6   0x00000004   Code   RO          195    i.UsageFault_Handler  stm32f10x_it.o
    0x08003afa   0x08003afa   0x00000002   PAD
    0x08003afc   0x08003afc   0x00000020   Code   RO         3805    i.__0printf$5       mc_w.l(printf5.o)
    0x08003b1c   0x08003b1c   0x00000028   Code   RO         3807    i.__0sprintf$5      mc_w.l(printf5.o)
    0x08003b44   0x08003b44   0x00000024   Code   RO         3911    i.__0vsprintf       mc_w.l(printfa.o)
    0x08003b68   0x08003b68   0x0000000e   Code   RO         4010    i.__scatterload_copy  mc_w.l(handlers.o)
    0x08003b76   0x08003b76   0x00000002   Code   RO         4011    i.__scatterload_null  mc_w.l(handlers.o)
    0x08003b78   0x08003b78   0x0000000e   Code   RO         4012    i.__scatterload_zeroinit  mc_w.l(handlers.o)
    0x08003b86   0x08003b86   0x00000002   PAD
    0x08003b88   0x08003b88   0x0000000c   Code   RO         3984    i.__set_errno       mc_w.l(errno.o)
    0x08003b94   0x08003b94   0x00000184   Code   RO         3912    i._fp_digits        mc_w.l(printfa.o)
    0x08003d18   0x08003d18   0x000002c0   Code   RO         3812    i._printf_core      mc_w.l(printf5.o)
    0x08003fd8   0x08003fd8   0x000006b4   Code   RO         3913    i._printf_core      mc_w.l(printfa.o)
    0x0800468c   0x0800468c   0x00000024   Code   RO         3914    i._printf_post_padding  mc_w.l(printfa.o)
    0x080046b0   0x080046b0   0x0000002e   Code   RO         3915    i._printf_pre_padding  mc_w.l(printfa.o)
    0x080046de   0x080046de   0x0000000a   Code   RO         3814    i._sputc            mc_w.l(printf5.o)
    0x080046e8   0x080046e8   0x0000000a   Code   RO         3917    i._sputc            mc_w.l(printfa.o)
    0x080046f2   0x080046f2   0x00000002   PAD
    0x080046f4   0x080046f4   0x00000110   Code   RO            3    i.data_pros         main.o
    0x08004804   0x08004804   0x0000004c   Code   RO         3596    i.delay_ms          systick.o
    0x08004850   0x08004850   0x0000004c   Code   RO         3597    i.delay_us          systick.o
    0x0800489c   0x0800489c   0x0000017c   Code   RO            4    i.draw_buttons      main.o
    0x08004a18   0x08004a18   0x00000024   Code   RO         3626    i.fputc             usart.o
    0x08004a3c   0x08004a3c   0x00000074   Code   RO            5    i.init_buttons      main.o
    0x08004ab0   0x08004ab0   0x00000038   Code   RO            6    i.kai_display       main.o
    0x08004ae8   0x08004ae8   0x000004b8   Code   RO            7    i.main              main.o
    0x08004fa0   0x08004fa0   0x0000004c   Code   RO         3656    i.sqrt              m_ws.l(sqrt.o)
    0x08004fec   0x08004fec   0x000000c4   Code   RO            8    i.toggle_device     main.o
    0x080050b0   0x080050b0   0x00000050   Code   RO         3513    i.u3_printf         usart3.o
    0x08005100   0x08005100   0x00000004   Data   RO         2773    .constdata          touch.o
    0x08005104   0x08005104   0x00004918   Data   RO         3205    .constdata          tftlcd.o
    0x08009a1c   0x08009a1c   0x00000079   Data   RO         2774    .conststring        touch.o
    0x08009a95   0x08009a95   0x00000003   PAD
    0x08009a98   0x08009a98   0x00000020   Data   RO         4008    Region$$Table       anon$$obj.o


    Execution Region RW_IRAM1 (Exec base: 0x20000000, Load base: 0x08009ab8, Size: 0x00000a18, Max: 0x00010000, ABSOLUTE)

    Exec Addr    Load Addr    Size         Type   Attr      Idx    E Section Name        Object

    0x20000000   0x08009ab8   0x00000003   Data   RW           10    .data               main.o
    0x20000003   0x08009abb   0x00000014   Data   RW          426    .data               stm32f10x_rcc.o
    0x20000017   0x08009acf   0x00000001   PAD
    0x20000018   0x08009ad0   0x0000004a   Data   RW         2775    .data               touch.o
    0x20000062   0x08009b1a   0x00000001   Data   RW         2999    .data               key.o
    0x20000063   0x08009b1b   0x00000001   PAD
    0x20000064   0x08009b1c   0x0000000c   Data   RW         3206    .data               tftlcd.o
    0x20000070   0x08009b28   0x00000002   Data   RW         3515    .data               usart3.o
    0x20000072   0x08009b2a   0x00000004   Data   RW         3598    .data               systick.o
    0x20000076   0x08009b2e   0x00000002   Data   RW         3628    .data               usart.o
    0x20000078   0x08009b30   0x00000004   Data   RW         3975    .data               mc_w.l(stdout.o)
    0x2000007c   0x08009b34   0x00000004   Data   RW         3985    .data               mc_w.l(errno.o)
    0x20000080        -       0x0000001e   Zero   RW            9    .bss                main.o
    0x2000009e        -       0x000004b0   Zero   RW         3514    .bss                usart3.o
    0x2000054e        -       0x000000c8   Zero   RW         3627    .bss                usart.o
    0x20000616   0x08009b38   0x00000002   PAD
    0x20000618        -       0x00000400   Zero   RW          272    STACK               startup_stm32f10x_hd.o


==============================================================================

Image component sizes


      Code (inc. data)   RO Data    RW Data    ZI Data      Debug   Object Name

       262          0          0          0          0       2825   24cxx.o
        56          6          0          0          0        436   beep.o
       450         38          0          0          0       4429   dht11.o
       272         38          0          0          0        688   hc05.o
       628         84          0          0          0       4745   iic.o
       220         20          0          1          0       1094   key.o
        76          8          0          0          0        463   led.o
       272         16          0          0          0       1604   lsens.o
      2228        464          0          3         30     275711   main.o
       172         22          0          0          0       2129   misc.o
        36          8        304          0       1024        816   startup_stm32f10x_hd.o
       486         24          0          0          0       8778   stm32f10x_adc.o
       282          6          0          0          0       1873   stm32f10x_fsmc.o
       430          6          0          0          0       3950   stm32f10x_gpio.o
        26          0          0          0          0       3594   stm32f10x_it.o
       372         50          0         20          0       6260   stm32f10x_rcc.o
       250         42          0          0          0       4203   stm32f10x_tim.o
       616         28          0          0          0       7490   stm32f10x_usart.o
       328         28          0          0          0       1849   system_stm32f10x.o
       212         16          0          4          0       1629   systick.o
      2252        104      18712         12          0      14990   tftlcd.o
       196         26          0          0          0       1480   time.o
      4022        260        125         74          0       9777   touch.o
       348         28          0          2        200       2224   usart.o
       400         44          0          2       1200       3050   usart3.o

    ----------------------------------------------------------------------
     14922       1366      19176        120       2456     366087   Object Totals
         0          0         32          0          0          0   (incl. Generated)
        30          0          3          2          2          0   (incl. Padding)

    ----------------------------------------------------------------------

      Code (inc. data)   RO Data    RW Data    ZI Data      Debug   Library Member Name

        76          0          0          0          0         84   sqrt.o
         0          0          0          0          0          0   entry.o
         0          0          0          0          0          0   entry10a.o
         0          0          0          0          0          0   entry11a.o
         4          0          0          0          0          0   entry12b.o
         8          4          0          0          0          0   entry2.o
         4          0          0          0          0          0   entry5.o
         0          0          0          0          0          0   entry7b.o
         0          0          0          0          0          0   entry8b.o
         8          4          0          0          0          0   entry9a.o
        12          6          0          4          0         68   errno.o
        30          0          0          0          0          0   handlers.o
        36          8          0          0          0         68   init.o
         0          0          0          0          0          0   iusefp.o
        30          0          0          0          0         68   llshl.o
        36          0          0          0          0         68   llsshr.o
        32          0          0          0          0         68   llushr.o
       786         60          0          0          0        336   printf5.o
      2232         86          0          0          0        528   printfa.o
         0          0          0          4          0          0   stdout.o
        14          0          0          0          0         68   strlen.o
        36          0          0          0          0         80   strstr.o
        44          0          0          0          0         80   uidiv.o
        98          0          0          0          0         92   uldiv.o
        48          0          0          0          0         68   cdcmple.o
        48          0          0          0          0         68   cdrcmple.o
       334          0          0          0          0        148   dadd.o
       222          0          0          0          0        100   ddiv.o
       186          0          0          0          0        176   depilogue.o
        50          0          0          0          0         76   dfixui.o
        48          0          0          0          0         68   dfixul.o
        26          0          0          0          0         76   dfltui.o
       228          0          0          0          0         96   dmul.o
       162          0          0          0          0        100   dsqrt.o
        38          0          0          0          0         68   f2d.o
       176          0          0          0          0        140   fadd.o
       124          0          0          0          0         88   fdiv.o
       110          0          0          0          0        168   fepilogue.o
        50          0          0          0          0         68   ffixi.o
        40          0          0          0          0         68   ffixui.o
        18          0          0          0          0         68   fflti.o
        10          0          0          0          0         68   ffltui.o
       100          0          0          0          0         76   fmul.o

    ----------------------------------------------------------------------
      5510        168          0          8          0       3396   Library Totals
         6          0          0          0          0          0   (incl. Padding)

    ----------------------------------------------------------------------

      Code (inc. data)   RO Data    RW Data    ZI Data      Debug   Library Name

        76          0          0          0          0         84   m_ws.l
      3410        168          0          8          0       1524   mc_w.l
      2018          0          0          0          0       1788   mf_w.l

    ----------------------------------------------------------------------
      5510        168          0          8          0       3396   Library Totals

    ----------------------------------------------------------------------

==============================================================================


      Code (inc. data)   RO Data    RW Data    ZI Data      Debug   

     20432       1534      19176        128       2456     361003   Grand Totals
     20432       1534      19176        128       2456     361003   ELF Image Totals
     20432       1534      19176        128          0          0   ROM Totals

==============================================================================

    Total RO  Size (Code + RO Data)                39608 (  38.68kB)
    Total RW  Size (RW Data + ZI Data)              2584 (   2.52kB)
    Total ROM Size (Code + RO Data + RW Data)      39736 (  38.80kB)

==============================================================================

